Component: Arm Compiler for Embedded 6.22 Tool: armlink [5ee90200]

==============================================================================

Section Cross References

    oled.o(.text.OLED_Send) refers to i2c.o(.bss.hi2c2) for hi2c2
    oled.o(.text.OLED_Send) refers to stm32f4xx_hal_i2c.o(.text.HAL_I2C_Master_Transmit) for HAL_I2C_Master_Transmit
    oled.o(.ARM.exidx.text.OLED_Send) refers to oled.o(.text.OLED_Send) for [Anonymous Symbol]
    oled.o(.text.OLED_SendCmd) refers to oled.o(.bss.OLED_SendCmd.sendBuffer) for OLED_SendCmd.sendBuffer
    oled.o(.text.OLED_SendCmd) refers to i2c.o(.bss.hi2c2) for hi2c2
    oled.o(.text.OLED_SendCmd) refers to stm32f4xx_hal_i2c.o(.text.HAL_I2C_Master_Transmit) for HAL_I2C_Master_Transmit
    oled.o(.ARM.exidx.text.OLED_SendCmd) refers to oled.o(.text.OLED_SendCmd) for [Anonymous Symbol]
    oled.o(.text.OLED_Init) refers to oled.o(.bss.OLED_SendCmd.sendBuffer) for OLED_SendCmd.sendBuffer
    oled.o(.text.OLED_Init) refers to i2c.o(.bss.hi2c2) for hi2c2
    oled.o(.text.OLED_Init) refers to stm32f4xx_hal_i2c.o(.text.HAL_I2C_Master_Transmit) for HAL_I2C_Master_Transmit
    oled.o(.text.OLED_Init) refers to oled.o(.bss.OLED_GRAM) for OLED_GRAM
    oled.o(.text.OLED_Init) refers to rt_memclr_w.o(.text) for __aeabi_memclr4
    oled.o(.text.OLED_Init) refers to oled.o(.text.OLED_ShowFrame) for OLED_ShowFrame
    oled.o(.ARM.exidx.text.OLED_Init) refers to oled.o(.text.OLED_Init) for [Anonymous Symbol]
    oled.o(.text.OLED_DisPlay_On) refers to oled.o(.bss.OLED_SendCmd.sendBuffer) for OLED_SendCmd.sendBuffer
    oled.o(.text.OLED_DisPlay_On) refers to i2c.o(.bss.hi2c2) for hi2c2
    oled.o(.text.OLED_DisPlay_On) refers to stm32f4xx_hal_i2c.o(.text.HAL_I2C_Master_Transmit) for HAL_I2C_Master_Transmit
    oled.o(.ARM.exidx.text.OLED_DisPlay_On) refers to oled.o(.text.OLED_DisPlay_On) for [Anonymous Symbol]
    oled.o(.text.OLED_DisPlay_Off) refers to oled.o(.bss.OLED_SendCmd.sendBuffer) for OLED_SendCmd.sendBuffer
    oled.o(.text.OLED_DisPlay_Off) refers to i2c.o(.bss.hi2c2) for hi2c2
    oled.o(.text.OLED_DisPlay_Off) refers to stm32f4xx_hal_i2c.o(.text.HAL_I2C_Master_Transmit) for HAL_I2C_Master_Transmit
    oled.o(.ARM.exidx.text.OLED_DisPlay_Off) refers to oled.o(.text.OLED_DisPlay_Off) for [Anonymous Symbol]
    oled.o(.text.OLED_SetColorMode) refers to oled.o(.bss.OLED_SendCmd.sendBuffer) for OLED_SendCmd.sendBuffer
    oled.o(.text.OLED_SetColorMode) refers to i2c.o(.bss.hi2c2) for hi2c2
    oled.o(.text.OLED_SetColorMode) refers to stm32f4xx_hal_i2c.o(.text.HAL_I2C_Master_Transmit) for HAL_I2C_Master_Transmit
    oled.o(.ARM.exidx.text.OLED_SetColorMode) refers to oled.o(.text.OLED_SetColorMode) for [Anonymous Symbol]
    oled.o(.text.OLED_NewFrame) refers to oled.o(.bss.OLED_GRAM) for OLED_GRAM
    oled.o(.text.OLED_NewFrame) refers to rt_memclr_w.o(.text) for __aeabi_memclr4
    oled.o(.ARM.exidx.text.OLED_NewFrame) refers to oled.o(.text.OLED_NewFrame) for [Anonymous Symbol]
    oled.o(.text.OLED_ShowFrame) refers to oled.o(.bss.OLED_ShowFrame.sendBuffer) for OLED_ShowFrame.sendBuffer
    oled.o(.text.OLED_ShowFrame) refers to oled.o(.bss.OLED_SendCmd.sendBuffer) for OLED_SendCmd.sendBuffer
    oled.o(.text.OLED_ShowFrame) refers to i2c.o(.bss.hi2c2) for hi2c2
    oled.o(.text.OLED_ShowFrame) refers to stm32f4xx_hal_i2c.o(.text.HAL_I2C_Master_Transmit) for HAL_I2C_Master_Transmit
    oled.o(.text.OLED_ShowFrame) refers to oled.o(.bss.OLED_GRAM) for OLED_GRAM
    oled.o(.text.OLED_ShowFrame) refers to rt_memcpy_v6.o(.text) for __aeabi_memcpy
    oled.o(.ARM.exidx.text.OLED_ShowFrame) refers to oled.o(.text.OLED_ShowFrame) for [Anonymous Symbol]
    oled.o(.text.OLED_SetPixel) refers to oled.o(.bss.OLED_GRAM) for OLED_GRAM
    oled.o(.ARM.exidx.text.OLED_SetPixel) refers to oled.o(.text.OLED_SetPixel) for [Anonymous Symbol]
    oled.o(.text.OLED_SetByte_Fine) refers to oled.o(.bss.OLED_GRAM) for OLED_GRAM
    oled.o(.ARM.exidx.text.OLED_SetByte_Fine) refers to oled.o(.text.OLED_SetByte_Fine) for [Anonymous Symbol]
    oled.o(.text.OLED_SetByte) refers to oled.o(.bss.OLED_GRAM) for OLED_GRAM
    oled.o(.ARM.exidx.text.OLED_SetByte) refers to oled.o(.text.OLED_SetByte) for [Anonymous Symbol]
    oled.o(.text.OLED_SetBits_Fine) refers to oled.o(.bss.OLED_GRAM) for OLED_GRAM
    oled.o(.ARM.exidx.text.OLED_SetBits_Fine) refers to oled.o(.text.OLED_SetBits_Fine) for [Anonymous Symbol]
    oled.o(.text.OLED_SetBits) refers to oled.o(.bss.OLED_GRAM) for OLED_GRAM
    oled.o(.ARM.exidx.text.OLED_SetBits) refers to oled.o(.text.OLED_SetBits) for [Anonymous Symbol]
    oled.o(.text.OLED_SetBlock) refers to oled.o(.bss.OLED_GRAM) for OLED_GRAM
    oled.o(.text.OLED_SetBlock) refers to oled.o(.text.OLED_SetBits_Fine) for OLED_SetBits_Fine
    oled.o(.ARM.exidx.text.OLED_SetBlock) refers to oled.o(.text.OLED_SetBlock) for [Anonymous Symbol]
[...]
    Removing stm32f4xx_hal_tim.o(.text.HAL_TIM_TriggerHalfCpltCallback), (2 bytes).
    Removing stm32f4xx_hal_tim.o(.ARM.exidx.text.HAL_TIM_TriggerHalfCpltCallback), (8 bytes).
    Removing stm32f4xx_hal_tim.o(.text.HAL_TIM_ErrorCallback), (2 bytes).
    Removing stm32f4xx_hal_tim.o(.ARM.exidx.text.HAL_TIM_ErrorCallback), (8 bytes).
    Removing stm32f4xx_hal_tim.o(.text.HAL_TIM_Base_GetState), (6 bytes).
    Removing stm32f4xx_hal_tim.o(.ARM.exidx.text.HAL_TIM_Base_GetState), (8 bytes).
    Removing stm32f4xx_hal_tim.o(.text.HAL_TIM_OC_GetState), (6 bytes).
    Removing stm32f4xx_hal_tim.o(.ARM.exidx.text.HAL_TIM_OC_GetState), (8 bytes).
    Removing stm32f4xx_hal_tim.o(.text.HAL_TIM_PWM_GetState), (6 bytes).
    Removing stm32f4xx_hal_tim.o(.ARM.exidx.text.HAL_TIM_PWM_GetState), (8 bytes).
    Removing stm32f4xx_hal_tim.o(.text.HAL_TIM_IC_GetState), (6 bytes).
    Removing stm32f4xx_hal_tim.o(.ARM.exidx.text.HAL_TIM_IC_GetState), (8 bytes).
    Removing stm32f4xx_hal_tim.o(.text.HAL_TIM_OnePulse_GetState), (6 bytes).
    Removing stm32f4xx_hal_tim.o(.ARM.exidx.text.HAL_TIM_OnePulse_GetState), (8 bytes).
    Removing stm32f4xx_hal_tim.o(.text.HAL_TIM_Encoder_GetState), (6 bytes).
    Removing stm32f4xx_hal_tim.o(.ARM.exidx.text.HAL_TIM_Encoder_GetState), (8 bytes).
    Removing stm32f4xx_hal_tim.o(.text.HAL_TIM_GetActiveChannel), (4 bytes).
    Removing stm32f4xx_hal_tim.o(.ARM.exidx.text.HAL_TIM_GetActiveChannel), (8 bytes).
    Removing stm32f4xx_hal_tim.o(.text.HAL_TIM_GetChannelState), (34 bytes).
    Removing stm32f4xx_hal_tim.o(.ARM.exidx.text.HAL_TIM_GetChannelState), (8 bytes).
    Removing stm32f4xx_hal_tim.o(.text.HAL_TIM_DMABurstState), (6 bytes).
    Removing stm32f4xx_hal_tim.o(.ARM.exidx.text.HAL_TIM_DMABurstState), (8 bytes).
    Removing stm32f4xx_hal_tim.o(.rodata.cst16), (48 bytes).
    Removing stm32f4xx_hal_tim_ex.o(.text), (0 bytes).
    Removing stm32f4xx_hal_tim_ex.o(.text.HAL_TIMEx_HallSensor_Init), (200 bytes).
    Removing stm32f4xx_hal_tim_ex.o(.ARM.exidx.text.HAL_TIMEx_HallSensor_Init), (8 bytes).
    Removing stm32f4xx_hal_tim_ex.o(.text.HAL_TIMEx_HallSensor_MspInit), (2 bytes).
    Removing stm32f4xx_hal_tim_ex.o(.ARM.exidx.text.HAL_TIMEx_HallSensor_MspInit), (8 bytes).
    Removing stm32f4xx_hal_tim_ex.o(.text.HAL_TIMEx_HallSensor_DeInit), (80 bytes).
    Removing stm32f4xx_hal_tim_ex.o(.ARM.exidx.text.HAL_TIMEx_HallSensor_DeInit), (8 bytes).
    Removing stm32f4xx_hal_tim_ex.o(.text.HAL_TIMEx_HallSensor_MspDeInit), (2 bytes).
    Removing stm32f4xx_hal_tim_ex.o(.ARM.exidx.text.HAL_TIMEx_HallSensor_MspDeInit), (8 bytes).
    Removing stm32f4xx_hal_tim_ex.o(.text.HAL_TIMEx_HallSensor_Start), (184 bytes).
    Removing stm32f4xx_hal_tim_ex.o(.ARM.exidx.text.HAL_TIMEx_HallSensor_Start), (8 bytes).
    Removing stm32f4xx_hal_tim_ex.o(.text.HAL_TIMEx_HallSensor_Stop), (66 bytes).
    Removing stm32f4xx_hal_tim_ex.o(.ARM.exidx.text.HAL_TIMEx_HallSensor_Stop), (8 bytes).
    Removing stm32f4xx_hal_tim_ex.o(.text.HAL_TIMEx_HallSensor_Start_IT), (192 bytes).
    Removing stm32f4xx_hal_tim_ex.o(.ARM.exidx.text.HAL_TIMEx_HallSensor_Start_IT), (8 bytes).
    Removing stm32f4xx_hal_tim_ex.o(.text.HAL_TIMEx_HallSensor_Stop_IT), (74 bytes).
    Removing stm32f4xx_hal_tim_ex.o(.ARM.exidx.text.HAL_TIMEx_HallSensor_Stop_IT), (8 bytes).
    Removing stm32f4xx_hal_tim_ex.o(.text.HAL_TIMEx_HallSensor_Start_DMA), (240 bytes).
    Removing stm32f4xx_hal_tim_ex.o(.ARM.exidx.text.HAL_TIMEx_HallSensor_Start_DMA), (8 bytes).
    Removing stm32f4xx_hal_tim_ex.o(.text.HAL_TIMEx_HallSensor_Stop_DMA), (74 bytes).
    Removing stm32f4xx_hal_tim_ex.o(.ARM.exidx.text.HAL_TIMEx_HallSensor_Stop_DMA), (8 bytes).
    Removing stm32f4xx_hal_tim_ex.o(.text.HAL_TIMEx_OCN_Start), (216 bytes).
    Removing stm32f4xx_hal_tim_ex.o(.ARM.exidx.text.HAL_TIMEx_OCN_Start), (8 bytes).
    Removing stm32f4xx_hal_tim_ex.o(.text.HAL_TIMEx_OCN_Stop), (146 bytes).
    Removing stm32f4xx_hal_tim_ex.o(.ARM.exidx.text.HAL_TIMEx_OCN_Stop), (8 bytes).
    Removing stm32f4xx_hal_tim_ex.o(.text.HAL_TIMEx_OCN_Start_IT), (234 bytes).
    Removing stm32f4xx_hal_tim_ex.o(.ARM.exidx.text.HAL_TIMEx_OCN_Start_IT), (8 bytes).
    Removing stm32f4xx_hal_tim_ex.o(.text.HAL_TIMEx_OCN_Stop_IT), (234 bytes).
    Removing stm32f4xx_hal_tim_ex.o(.ARM.exidx.text.HAL_TIMEx_OCN_Stop_IT), (8 bytes).
    Removing stm32f4xx_hal_tim_ex.o(.text.HAL_TIMEx_OCN_Start_DMA), (486 bytes).
    Removing stm32f4xx_hal_tim_ex.o(.ARM.exidx.text.HAL_TIMEx_OCN_Start_DMA), (8 bytes).
    Removing stm32f4xx_hal_tim_ex.o(.text.TIM_DMADelayPulseNCplt), (82 bytes).
    Removing stm32f4xx_hal_tim_ex.o(.ARM.exidx.text.TIM_DMADelayPulseNCplt), (8 bytes).
    Removing stm32f4xx_hal_tim_ex.o(.text.TIM_DMAErrorCCxN), (70 bytes).
    Removing stm32f4xx_hal_tim_ex.o(.ARM.exidx.text.TIM_DMAErrorCCxN), (8 bytes).
    Removing stm32f4xx_hal_tim_ex.o(.text.HAL_TIMEx_OCN_Stop_DMA), (176 bytes).
    Removing stm32f4xx_hal_tim_ex.o(.ARM.exidx.text.HAL_TIMEx_OCN_Stop_DMA), (8 bytes).
    Removing stm32f4xx_hal_tim_ex.o(.text.HAL_TIMEx_PWMN_Start), (216 bytes).
    Removing stm32f4xx_hal_tim_ex.o(.ARM.exidx.text.HAL_TIMEx_PWMN_Start), (8 bytes).
    Removing stm32f4xx_hal_tim_ex.o(.text.HAL_TIMEx_PWMN_Stop), (146 bytes).
    Removing stm32f4xx_hal_tim_ex.o(.ARM.exidx.text.HAL_TIMEx_PWMN_Stop), (8 bytes).
    Removing stm32f4xx_hal_tim_ex.o(.text.HAL_TIMEx_PWMN_Start_IT), (234 bytes).
    Removing stm32f4xx_hal_tim_ex.o(.ARM.exidx.text.HAL_TIMEx_PWMN_Start_IT), (8 bytes).
    Removing stm32f4xx_hal_tim_ex.o(.text.HAL_TIMEx_PWMN_Stop_IT), (234 bytes).
    Removing stm32f4xx_hal_tim_ex.o(.ARM.exidx.text.HAL_TIMEx_PWMN_Stop_IT), (8 bytes).
    Removing stm32f4xx_hal_tim_ex.o(.text.HAL_TIMEx_PWMN_Start_DMA), (486 bytes).
    Removing stm32f4xx_hal_tim_ex.o(.ARM.exidx.text.HAL_TIMEx_PWMN_Start_DMA), (8 bytes).
    Removing stm32f4xx_hal_tim_ex.o(.text.HAL_TIMEx_PWMN_Stop_DMA), (176 bytes).
    Removing stm32f4xx_hal_tim_ex.o(.ARM.exidx.text.HAL_TIMEx_PWMN_Stop_DMA), (8 bytes).
    Removing stm32f4xx_hal_tim_ex.o(.text.HAL_TIMEx_OnePulseN_Start), (126 bytes).
    Removing stm32f4xx_hal_tim_ex.o(.ARM.exidx.text.HAL_TIMEx_OnePulseN_Start), (8 bytes).
    Removing stm32f4xx_hal_tim_ex.o(.text.HAL_TIMEx_OnePulseN_Stop), (128 bytes).
    Removing stm32f4xx_hal_tim_ex.o(.ARM.exidx.text.HAL_TIMEx_OnePulseN_Stop), (8 bytes).
    Removing stm32f4xx_hal_tim_ex.o(.text.HAL_TIMEx_OnePulseN_Start_IT), (142 bytes).
    Removing stm32f4xx_hal_tim_ex.o(.ARM.exidx.text.HAL_TIMEx_OnePulseN_Start_IT), (8 bytes).
    Removing stm32f4xx_hal_tim_ex.o(.text.HAL_TIMEx_OnePulseN_Stop_IT), (144 bytes).
    Removing stm32f4xx_hal_tim_ex.o(.ARM.exidx.text.HAL_TIMEx_OnePulseN_Stop_IT), (8 bytes).
    Removing stm32f4xx_hal_tim_ex.o(.text.HAL_TIMEx_ConfigCommutEvent), (118 bytes).
    Removing stm32f4xx_hal_tim_ex.o(.ARM.exidx.text.HAL_TIMEx_ConfigCommutEvent), (8 bytes).
    Removing stm32f4xx_hal_tim_ex.o(.text.HAL_TIMEx_ConfigCommutEvent_IT), (118 bytes).
    Removing stm32f4xx_hal_tim_ex.o(.ARM.exidx.text.HAL_TIMEx_ConfigCommutEvent_IT), (8 bytes).
    Removing stm32f4xx_hal_tim_ex.o(.text.HAL_TIMEx_ConfigCommutEvent_DMA), (154 bytes).
    Removing stm32f4xx_hal_tim_ex.o(.ARM.exidx.text.HAL_TIMEx_ConfigCommutEvent_DMA), (8 bytes).
    Removing stm32f4xx_hal_tim_ex.o(.text.TIMEx_DMACommutationCplt), (12 bytes).
    Removing stm32f4xx_hal_tim_ex.o(.ARM.exidx.text.TIMEx_DMACommutationCplt), (8 bytes).
    Removing stm32f4xx_hal_tim_ex.o(.text.TIMEx_DMACommutationHalfCplt), (12 bytes).
    Removing stm32f4xx_hal_tim_ex.o(.ARM.exidx.text.TIMEx_DMACommutationHalfCplt), (8 bytes).
    Removing stm32f4xx_hal_tim_ex.o(.ARM.exidx.text.HAL_TIMEx_MasterConfigSynchronization), (8 bytes).
    Removing stm32f4xx_hal_tim_ex.o(.text.HAL_TIMEx_ConfigBreakDeadTime), (76 bytes).
    Removing stm32f4xx_hal_tim_ex.o(.ARM.exidx.text.HAL_TIMEx_ConfigBreakDeadTime), (8 bytes).
    Removing stm32f4xx_hal_tim_ex.o(.text.HAL_TIMEx_RemapConfig), (26 bytes).
    Removing stm32f4xx_hal_tim_ex.o(.ARM.exidx.text.HAL_TIMEx_RemapConfig), (8 bytes).
    Removing stm32f4xx_hal_tim_ex.o(.text.HAL_TIMEx_CommutCallback), (2 bytes).
    Removing stm32f4xx_hal_tim_ex.o(.ARM.exidx.text.HAL_TIMEx_CommutCallback), (8 bytes).
    Removing stm32f4xx_hal_tim_ex.o(.text.HAL_TIMEx_CommutHalfCpltCallback), (2 bytes).
    Removing stm32f4xx_hal_tim_ex.o(.ARM.exidx.text.HAL_TIMEx_CommutHalfCpltCallback), (8 bytes).
    Removing stm32f4xx_hal_tim_ex.o(.text.HAL_TIMEx_BreakCallback), (2 bytes).
    Removing stm32f4xx_hal_tim_ex.o(.ARM.exidx.text.HAL_TIMEx_BreakCallback), (8 bytes).
    Removing stm32f4xx_hal_tim_ex.o(.text.HAL_TIMEx_HallSensor_GetState), (6 bytes).
    Removing stm32f4xx_hal_tim_ex.o(.ARM.exidx.text.HAL_TIMEx_HallSensor_GetState), (8 bytes).
    Removing stm32f4xx_hal_tim_ex.o(.text.HAL_TIMEx_GetChannelNState), (34 bytes).
    Removing stm32f4xx_hal_tim_ex.o(.ARM.exidx.text.HAL_TIMEx_GetChannelNState), (8 bytes).
    Removing system_stm32f4xx.o(.text), (0 bytes).
    Removing system_stm32f4xx.o(.ARM.exidx.text.SystemInit), (8 bytes).
    Removing system_stm32f4xx.o(.text.SystemCoreClockUpdate), (134 bytes).
    Removing system_stm32f4xx.o(.ARM.exidx.text.SystemCoreClockUpdate), (8 bytes).

836 unused section(s) (total 58504 bytes) removed from the image.

==============================================================================

Image Symbol Table

    Local Symbols

    Symbol Name                              Value     Ov Type        Size  Object(Section)

    ../Core/Startup/startup_stm32f411xe.s    0x00000000   Number         0  startup_stm32f411xe.o ABSOLUTE
    ../clib/angel/boardlib.s                 0x00000000   Number         0  boardinit1.o ABSOLUTE
    ../clib/angel/boardlib.s                 0x00000000   Number         0  boardinit2.o ABSOLUTE
    ../clib/angel/boardlib.s                 0x00000000   Number         0  boardinit3.o ABSOLUTE
    ../clib/angel/boardlib.s                 0x00000000   Number         0  boardshut.o ABSOLUTE
    ../clib/angel/handlers.s                 0x00000000   Number         0  __scatter_copy.o ABSOLUTE
    ../clib/angel/handlers.s                 0x00000000   Number         0  __scatter_zi.o ABSOLUTE
    ../clib/angel/kernel.s                   0x00000000   Number         0  __rtentry.o ABSOLUTE
    ../clib/angel/kernel.s                   0x00000000   Number         0  __rtentry2.o ABSOLUTE
    ../clib/angel/kernel.s                   0x00000000   Number         0  __rtentry4.o ABSOLUTE
    ../clib/angel/kernel.s                   0x00000000   Number         0  rtexit.o ABSOLUTE
    ../clib/angel/kernel.s                   0x00000000   Number         0  rtexit2.o ABSOLUTE
    ../clib/angel/rt.s                       0x00000000   Number         0  aeabi_ldiv0.o ABSOLUTE
    ../clib/angel/rt.s                       0x00000000   Number         0  aeabi_ldiv0_sigfpe.o ABSOLUTE
    ../clib/angel/rt.s                       0x00000000   Number         0  rt_heap_descriptor.o ABSOLUTE
    ../clib/angel/rt.s                       0x00000000   Number         0  rt_heap_descriptor_intlibspace.o ABSOLUTE
    ../clib/angel/rt.s                       0x00000000   Number         0  rt_div0.o ABSOLUTE
    ../clib/angel/rt.s                       0x00000000   Number         0  rt_raise.o ABSOLUTE
    ../clib/angel/scatter.s                  0x00000000   Number         0  __scatter.o ABSOLUTE
    ../clib/angel/startup.s                  0x00000000   Number         0  __main.o ABSOLUTE
    ../clib/angel/sys.s                      0x00000000   Number         0  mutex_dummy.o ABSOLUTE
    ../clib/angel/sys.s                      0x00000000   Number         0  libspace.o ABSOLUTE
    ../clib/angel/sys.s                      0x00000000   Number         0  use_no_semi.o ABSOLUTE
    ../clib/angel/sys.s                      0x00000000   Number         0  indicate_semi.o ABSOLUTE
    ../clib/angel/sys.s                      0x00000000   Number         0  sys_stackheap_outer.o ABSOLUTE
    ../clib/angel/sysapp.c                   0x00000000   Number         0  sys_command.o ABSOLUTE
    ../clib/angel/sysapp.c                   0x00000000   Number         0  sys_command_hlt.o ABSOLUTE
    ../clib/angel/sysapp.c                   0x00000000   Number         0  sys_exit.o ABSOLUTE
    ../clib/angel/sysapp.c                   0x00000000   Number         0  sys_exit_hlt.o ABSOLUTE
    ../clib/angel/sysapp.c                   0x00000000   Number         0  sys_wrch.o ABSOLUTE
    ../clib/angel/sysapp.c                   0x00000000   Number         0  sys_wrch_hlt.o ABSOLUTE
    ../clib/armsys.c                         0x00000000   Number         0  _get_argv.o ABSOLUTE
    ../clib/armsys.c                         0x00000000   Number         0  argv_veneer.o ABSOLUTE
    ../clib/armsys.c                         0x00000000   Number         0  argv_veneer.o ABSOLUTE
    ../clib/armsys.c                         0x00000000   Number         0  _get_argv_nomalloc.o ABSOLUTE
    ../clib/armsys.c                         0x00000000   Number         0  no_argv.o ABSOLUTE
    ../clib/heap1.c                          0x00000000   Number         0  h1_alloc.o ABSOLUTE
    ../clib/heap1.c                          0x00000000   Number         0  h1_alloc_threads.o ABSOLUTE
    ../clib/heap1.c                          0x00000000   Number         0  h1_init.o ABSOLUTE
    ../clib/heap1.c                          0x00000000   Number         0  h1_free.o ABSOLUTE
    ../clib/heap1.c                          0x00000000   Number         0  h1_init_threads.o ABSOLUTE
    ../clib/heap1.c                          0x00000000   Number         0  h1_free_threads.o ABSOLUTE
    ../clib/heap1.c                          0x00000000   Number         0  h1_extend.o ABSOLUTE
    ../clib/heap1.c                          0x00000000   Number         0  h1_extend_threads.o ABSOLUTE
    ../clib/heap1.c                          0x00000000   Number         0  h1_final.o ABSOLUTE
    ../clib/heap1.c                          0x00000000   Number         0  h1_final_threads.o ABSOLUTE
    ../clib/heap2.c                          0x00000000   Number         0  heap2.o ABSOLUTE
    ../clib/heap2.c                          0x00000000   Number         0  heap2_threads.o ABSOLUTE
    ../clib/heap2.c                          0x00000000   Number         0  fdtree.o ABSOLUTE
    ../clib/heapalloc.c                      0x00000000   Number         0  malloc.o ABSOLUTE
    ../clib/heapalloc.c                      0x00000000   Number         0  hguard.o ABSOLUTE
    ../clib/heapalloc.c                      0x00000000   Number         0  init_alloc.o ABSOLUTE
    ../clib/heapalloc.c                      0x00000000   Number         0  free.o ABSOLUTE
    ../clib/heapalloc.c                      0x00000000   Number         0  heapstubs.o ABSOLUTE
    ../clib/heapalloc.c                      0x00000000   Number         0  hrguard.o ABSOLUTE
    ../clib/heapalloc.c                      0x00000000   Number         0  term_alloc.o ABSOLUTE
    ../clib/heapaux.c                        0x00000000   Number         0  heapauxi.o ABSOLUTE
    ../clib/heapaux.c                        0x00000000   Number         0  heapauxa.o ABSOLUTE
    ../clib/libinit.s                        0x00000000   Number         0  libinit2.o ABSOLUTE
    ../clib/libinit.s                        0x00000000   Number         0  libinit.o ABSOLUTE
    ../clib/libinit.s                        0x00000000   Number         0  libshutdown2.o ABSOLUTE
    ../clib/libinit.s                        0x00000000   Number         0  libshutdown.o ABSOLUTE
    ../clib/longlong.s                       0x00000000   Number         0  lludivv7m.o ABSOLUTE
    ../clib/maybe.s                          0x00000000   Number         0  maybetermalloc1.o ABSOLUTE
    ../clib/maybe.s                          0x00000000   Number         0  maybetermalloc2.o ABSOLUTE
    ../clib/memcpset.s                       0x00000000   Number         0  rt_memcpy_v6.o ABSOLUTE
    ../clib/memcpset.s                       0x00000000   Number         0  rt_memclr_w.o ABSOLUTE
    ../clib/memcpset.s                       0x00000000   Number         0  rt_memcpy_w.o ABSOLUTE
    ../clib/signal.c                         0x00000000   Number         0  defsig_rtmem_outer.o ABSOLUTE
    ../clib/signal.c                         0x00000000   Number         0  defsig_rtmem_formal.o ABSOLUTE
    ../clib/signal.c                         0x00000000   Number         0  defsig_exit.o ABSOLUTE
    ../clib/signal.c                         0x00000000   Number         0  defsig_fpe_outer.o ABSOLUTE
    ../clib/signal.c                         0x00000000   Number         0  defsig_fpe_formal.o ABSOLUTE
    ../clib/signal.c                         0x00000000   Number         0  defsig_rtmem_inner.o ABSOLUTE
    ../clib/signal.c                         0x00000000   Number         0  __raise.o ABSOLUTE
    ../clib/signal.c                         0x00000000   Number         0  defsig_general.o ABSOLUTE
    ../clib/signal.c                         0x00000000   Number         0  defsig_fpe_inner.o ABSOLUTE
    ../clib/signal.c                         0x00000000   Number         0  defsig_abrt_inner.o ABSOLUTE
    ../clib/signal.c                         0x00000000   Number         0  defsig_rtred_inner.o ABSOLUTE
    ../clib/signal.c                         0x00000000   Number         0  defsig_stak_inner.o ABSOLUTE
    ../clib/signal.c                         0x00000000   Number         0  defsig_pvfn_inner.o ABSOLUTE
    ../clib/signal.c                         0x00000000   Number         0  defsig_cppl_inner.o ABSOLUTE
    ../clib/signal.c                         0x00000000   Number         0  defsig_segv_inner.o ABSOLUTE
    ../clib/signal.c                         0x00000000   Number         0  defsig_other.o ABSOLUTE
    ../clib/signal.s                         0x00000000   Number         0  defsig.o ABSOLUTE
    ../clib/stdlib.c                         0x00000000   Number         0  exit.o ABSOLUTE
    ../clib/string.c                         0x00000000   Number         0  memcmp.o ABSOLUTE
    ../fplib/daddsub.s                       0x00000000   Number         0  daddsub_clz.o ABSOLUTE
    ../fplib/dfix.s                          0x00000000   Number         0  dfix.o ABSOLUTE
    ../fplib/dflt.s                          0x00000000   Number         0  dflt_clz.o ABSOLUTE
    ../fplib/dmul.s                          0x00000000   Number         0  dmul.o ABSOLUTE
    ../fplib/dnaninf.s                       0x00000000   Number         0  dnaninf.o ABSOLUTE
    ../fplib/dretinf.s                       0x00000000   Number         0  dretinf.o ABSOLUTE
    ../fplib/fpinit.s                        0x00000000   Number         0  fpinit.o ABSOLUTE
    ../fplib/usenofp.s                       0x00000000   Number         0  usenofp.o ABSOLUTE
    dc.s                                     0x00000000   Number         0  dc.o ABSOLUTE
    font.c                                   0x00000000   Number         0  font.o ABSOLUTE
    gpio.c                                   0x00000000   Number         0  gpio.o ABSOLUTE
    i2c.c                                    0x00000000   Number         0  i2c.o ABSOLUTE
    main.c                                   0x00000000   Number         0  main.o ABSOLUTE
    oled.c                                   0x00000000   Number         0  oled.o ABSOLUTE
    page.c                                   0x00000000   Number         0  page.o ABSOLUTE
    stm32f4xx_hal.c                          0x00000000   Number         0  stm32f4xx_hal.o ABSOLUTE
    stm32f4xx_hal_cortex.c                   0x00000000   Number         0  stm32f4xx_hal_cortex.o ABSOLUTE
    stm32f4xx_hal_dma.c                      0x00000000   Number         0  stm32f4xx_hal_dma.o ABSOLUTE
    stm32f4xx_hal_dma_ex.c                   0x00000000   Number         0  stm32f4xx_hal_dma_ex.o ABSOLUTE
    stm32f4xx_hal_exti.c                     0x00000000   Number         0  stm32f4xx_hal_exti.o ABSOLUTE
    stm32f4xx_hal_flash.c                    0x00000000   Number         0  stm32f4xx_hal_flash.o ABSOLUTE
    stm32f4xx_hal_flash_ex.c                 0x00000000   Number         0  stm32f4xx_hal_flash_ex.o ABSOLUTE
    stm32f4xx_hal_flash_ramfunc.c            0x00000000   Number         0  stm32f4xx_hal_flash_ramfunc.o ABSOLUTE
    stm32f4xx_hal_gpio.c                     0x00000000   Number         0  stm32f4xx_hal_gpio.o ABSOLUTE
    stm32f4xx_hal_i2c.c                      0x00000000   Number         0  stm32f4xx_hal_i2c.o ABSOLUTE
    stm32f4xx_hal_i2c_ex.c                   0x00000000   Number         0  stm32f4xx_hal_i2c_ex.o ABSOLUTE
    stm32f4xx_hal_msp.c                      0x00000000   Number         0  stm32f4xx_hal_msp.o ABSOLUTE
    stm32f4xx_hal_pwr.c                      0x00000000   Number         0  stm32f4xx_hal_pwr.o ABSOLUTE
    stm32f4xx_hal_pwr_ex.c                   0x00000000   Number         0  stm32f4xx_hal_pwr_ex.o ABSOLUTE
    stm32f4xx_hal_rcc.c                      0x00000000   Number         0  stm32f4xx_hal_rcc.o ABSOLUTE
    stm32f4xx_hal_rcc_ex.c                   0x00000000   Number         0  stm32f4xx_hal_rcc_ex.o ABSOLUTE
    stm32f4xx_hal_tim.c                      0x00000000   Number         0  stm32f4xx_hal_tim.o ABSOLUTE
    stm32f4xx_hal_tim_ex.c                   0x00000000   Number         0  stm32f4xx_hal_tim_ex.o ABSOLUTE
    stm32f4xx_it.c                           0x00000000   Number         0  stm32f4xx_it.o ABSOLUTE
    system_stm32f4xx.c                       0x00000000   Number         0  system_stm32f4xx.o ABSOLUTE
    tim.c                                    0x00000000   Number         0  tim.o ABSOLUTE
    RESET                                    0x08000000   Section      408  startup_stm32f411xe.o(RESET)
    !!!main                                  0x08000198   Section        8  __main.o(!!!main)
    !!!scatter                               0x080001a0   Section       92  __scatter.o(!!!scatter)
    !!handler_copy                           0x080001fc   Section       26  __scatter_copy.o(!!handler_copy)
    !!handler_null                           0x08000218   Section        2  __scatter.o(!!handler_null)
    !!handler_zi                             0x0800021c   Section       28  __scatter_zi.o(!!handler_zi)
    .ARM.Collect$$libinit$$00000000          0x08000238   Section        2  libinit.o(.ARM.Collect$$libinit$$00000000)
    .ARM.Collect$$libinit$$00000001          0x0800023a   Section        4  libinit2.o(.ARM.Collect$$libinit$$00000001)
    .ARM.Collect$$libinit$$00000004          0x0800023e   Section        0  libinit2.o(.ARM.Collect$$libinit$$00000004)
    .ARM.Collect$$libinit$$00000006          0x0800023e   Section        0  libinit2.o(.ARM.Collect$$libinit$$00000006)
    .ARM.Collect$$libinit$$00000007          0x0800023e   Section        8  libinit2.o(.ARM.Collect$$libinit$$00000007)
    .ARM.Collect$$libinit$$0000000C          0x08000246   Section        0  libinit2.o(.ARM.Collect$$libinit$$0000000C)
    .ARM.Collect$$libinit$$0000000E          0x08000246   Section        0  libinit2.o(.ARM.Collect$$libinit$$0000000E)
    .ARM.Collect$$libinit$$00000010          0x08000246   Section        0  libinit2.o(.ARM.Collect$$libinit$$00000010)
    .ARM.Collect$$libinit$$00000013          0x08000246   Section        0  libinit2.o(.ARM.Collect$$libinit$$00000013)
    .ARM.Collect$$libinit$$00000015          0x08000246   Section        0  libinit2.o(.ARM.Collect$$libinit$$00000015)
    .ARM.Collect$$libinit$$00000017          0x08000246   Section        0  libinit2.o(.ARM.Collect$$libinit$$00000017)
    .ARM.Collect$$libinit$$00000019          0x08000246   Section        0  libinit2.o(.ARM.Collect$$libinit$$00000019)
    .ARM.Collect$$libinit$$0000001B          0x08000246   Section        0  libinit2.o(.ARM.Collect$$libinit$$0000001B)
    .ARM.Collect$$libinit$$0000001D          0x08000246   Section        0  libinit2.o(.ARM.Collect$$libinit$$0000001D)
    .ARM.Collect$$libinit$$0000001F          0x08000246   Section        0  libinit2.o(.ARM.Collect$$libinit$$0000001F)
    .ARM.Collect$$libinit$$00000021          0x08000246   Section        0  libinit2.o(.ARM.Collect$$libinit$$00000021)
    .ARM.Collect$$libinit$$00000023          0x08000246   Section        0  libinit2.o(.ARM.Collect$$libinit$$00000023)
    .ARM.Collect$$libinit$$00000025          0x08000246   Section        0  libinit2.o(.ARM.Collect$$libinit$$00000025)
    .ARM.Collect$$libinit$$00000027          0x08000246   Section        0  libinit2.o(.ARM.Collect$$libinit$$00000027)
    .ARM.Collect$$libinit$$0000002E          0x08000246   Section        0  libinit2.o(.ARM.Collect$$libinit$$0000002E)
    .ARM.Collect$$libinit$$00000030          0x08000246   Section        0  libinit2.o(.ARM.Collect$$libinit$$00000030)
    .ARM.Collect$$libinit$$00000032          0x08000246   Section        0  libinit2.o(.ARM.Collect$$libinit$$00000032)
    .ARM.Collect$$libinit$$00000034          0x08000246   Section        0  libinit2.o(.ARM.Collect$$libinit$$00000034)
    .ARM.Collect$$libinit$$00000035          0x08000246   Section        2  libinit2.o(.ARM.Collect$$libinit$$00000035)
    .ARM.Collect$$libshutdown$$00000000      0x08000248   Section        2  libshutdown.o(.ARM.Collect$$libshutdown$$00000000)
    .ARM.Collect$$libshutdown$$00000002      0x0800024a   Section        0  libshutdown2.o(.ARM.Collect$$libshutdown$$00000002)
    .ARM.Collect$$libshutdown$$00000004      0x0800024a   Section        0  libshutdown2.o(.ARM.Collect$$libshutdown$$00000004)
    .ARM.Collect$$libshutdown$$00000007      0x0800024a   Section        0  libshutdown2.o(.ARM.Collect$$libshutdown$$00000007)
    .ARM.Collect$$libshutdown$$0000000A      0x0800024a   Section        0  libshutdown2.o(.ARM.Collect$$libshutdown$$0000000A)
    .ARM.Collect$$libshutdown$$0000000C      0x0800024a   Section        0  libshutdown2.o(.ARM.Collect$$libshutdown$$0000000C)
    .ARM.Collect$$libshutdown$$0000000F      0x0800024a   Section        0  libshutdown2.o(.ARM.Collect$$libshutdown$$0000000F)
    .ARM.Collect$$libshutdown$$00000010      0x0800024a   Section        2  libshutdown2.o(.ARM.Collect$$libshutdown$$00000010)
    .ARM.Collect$$rtentry$$00000000          0x0800024c   Section        0  __rtentry.o(.ARM.Collect$$rtentry$$00000000)
    .ARM.Collect$$rtentry$$00000002          0x0800024c   Section        0  __rtentry2.o(.ARM.Collect$$rtentry$$00000002)
    .ARM.Collect$$rtentry$$00000004          0x0800024c   Section        6  __rtentry4.o(.ARM.Collect$$rtentry$$00000004)
    .ARM.Collect$$rtentry$$00000009          0x08000252   Section        0  __rtentry2.o(.ARM.Collect$$rtentry$$00000009)
    .ARM.Collect$$rtentry$$0000000A          0x08000252   Section        4  __rtentry2.o(.ARM.Collect$$rtentry$$0000000A)
    .ARM.Collect$$rtentry$$0000000C          0x08000256   Section        0  __rtentry2.o(.ARM.Collect$$rtentry$$0000000C)
    .ARM.Collect$$rtentry$$0000000D          0x08000256   Section        8  __rtentry2.o(.ARM.Collect$$rtentry$$0000000D)
    .ARM.Collect$$rtexit$$00000000           0x0800025e   Section        2  rtexit.o(.ARM.Collect$$rtexit$$00000000)
    .ARM.Collect$$rtexit$$00000002           0x08000260   Section        0  rtexit2.o(.ARM.Collect$$rtexit$$00000002)
    .ARM.Collect$$rtexit$$00000003           0x08000260   Section        4  rtexit2.o(.ARM.Collect$$rtexit$$00000003)
    .ARM.Collect$$rtexit$$00000004           0x08000264   Section        6  rtexit2.o(.ARM.Collect$$rtexit$$00000004)
    $v0                                      0x0800026c   Number         0  startup_stm32f411xe.o(.text)
    .text                                    0x0800026c   Section       64  startup_stm32f411xe.o(.text)
    .text                                    0x080002ac   Section        0  h1_alloc.o(.text)
    .text                                    0x0800030a   Section      240  lludivv7m.o(.text)
    .text                                    0x080003fa   Section        0  memcmp.o(.text)
    .text                                    0x08000452   Section      138  rt_memcpy_v6.o(.text)
    .text                                    0x080004dc   Section       78  rt_memclr_w.o(.text)
    .text                                    0x0800052a   Section        0  heapauxi.o(.text)
    .text                                    0x08000530   Section        8  rt_heap_descriptor_intlibspace.o(.text)
    .text                                    0x08000538   Section        0  hguard.o(.text)
    .text                                    0x0800053c   Section        0  init_alloc.o(.text)
    .text                                    0x080005c6   Section        0  h1_init.o(.text)
    .text                                    0x080005d2   Section        0  h1_free.o(.text)
    .text                                    0x08000620   Section      100  rt_memcpy_w.o(.text)
    .text                                    0x08000684   Section        8  libspace.o(.text)
    .text                                    0x0800068c   Section        0  maybetermalloc1.o(.text)
    .text                                    0x0800068c   Section        0  h1_extend.o(.text)
    .text                                    0x080006c0   Section        0  defsig_rtmem_outer.o(.text)
    .text                                    0x080006ce   Section        2  use_no_semi.o(.text)
    .text                                    0x080006d0   Section        0  indicate_semi.o(.text)
    .text                                    0x080006d0   Section       74  sys_stackheap_outer.o(.text)
    .text                                    0x0800071a   Section        0  exit.o(.text)
    .text                                    0x0800072c   Section        0  defsig_exit.o(.text)
    .text                                    0x08000738   Section        0  defsig_rtmem_inner.o(.text)
    .text                                    0x08000788   Section        0  sys_exit.o(.text)
    .text                                    0x08000794   Section        0  defsig_general.o(.text)
    .text                                    0x080007c6   Section        0  sys_wrch.o(.text)
    [Anonymous Symbol]                       0x080007d4   Section        0  stm32f4xx_it.o(.text.BusFault_Handler)
    [Anonymous Symbol]                       0x080007d8   Section        0  stm32f4xx_it.o(.text.DebugMon_Handler)
    [Anonymous Symbol]                       0x080007dc   Section        0  main.o(.text.Error_Handler)
    [Anonymous Symbol]                       0x080007e4   Section        0  stm32f4xx_hal_gpio.o(.text.HAL_GPIO_Init)
    [Anonymous Symbol]                       0x08000984   Section        0  stm32f4xx_hal_gpio.o(.text.HAL_GPIO_WritePin)
    [Anonymous Symbol]                       0x08000990   Section        0  stm32f4xx_hal.o(.text.HAL_GetTick)
    [Anonymous Symbol]                       0x0800099c   Section        0  stm32f4xx_hal_i2c.o(.text.HAL_I2C_Init)
    [Anonymous Symbol]                       0x08000b00   Section        0  stm32f4xx_hal_i2c.o(.text.HAL_I2C_Master_Transmit)
    [Anonymous Symbol]                       0x08000cdc   Section        0  i2c.o(.text.HAL_I2C_MspInit)
    [Anonymous Symbol]                       0x08000d78   Section        0  stm32f4xx_hal.o(.text.HAL_IncTick)
    [Anonymous Symbol]                       0x08000d94   Section        0  stm32f4xx_hal.o(.text.HAL_Init)
    [Anonymous Symbol]                       0x08000dcc   Section        0  stm32f4xx_hal.o(.text.HAL_InitTick)
    [Anonymous Symbol]                       0x08000e14   Section        0  stm32f4xx_hal_msp.o(.text.HAL_MspInit)
    [Anonymous Symbol]                       0x08000e4c   Section        0  stm32f4xx_hal_cortex.o(.text.HAL_NVIC_SetPriority)
    [Anonymous Symbol]                       0x08000ea4   Section        0  stm32f4xx_hal_cortex.o(.text.HAL_NVIC_SetPriorityGrouping)
    [Anonymous Symbol]                       0x08000ec4   Section        0  stm32f4xx_hal_rcc.o(.text.HAL_RCC_ClockConfig)
    [Anonymous Symbol]                       0x08001028   Section        0  stm32f4xx_hal_rcc.o(.text.HAL_RCC_GetPCLK1Freq)
    [Anonymous Symbol]                       0x08001050   Section        0  stm32f4xx_hal_rcc.o(.text.HAL_RCC_GetSysClockFreq)
    [Anonymous Symbol]                       0x080010bc   Section        0  stm32f4xx_hal_rcc.o(.text.HAL_RCC_OscConfig)
    [Anonymous Symbol]                       0x08001468   Section        0  stm32f4xx_hal_cortex.o(.text.HAL_SYSTICK_Config)
    [Anonymous Symbol]                       0x08001494   Section        0  stm32f4xx_hal_tim_ex.o(.text.HAL_TIMEx_MasterConfigSynchronization)
    [Anonymous Symbol]                       0x08001528   Section        0  stm32f4xx_hal_tim.o(.text.HAL_TIM_Encoder_Init)
    [Anonymous Symbol]                       0x080015dc   Section        0  tim.o(.text.HAL_TIM_Encoder_MspInit)
    [Anonymous Symbol]                       0x0800164c   Section        0  stm32f4xx_hal_tim.o(.text.HAL_TIM_Encoder_Start)
    [Anonymous Symbol]                       0x08001708   Section        0  stm32f4xx_it.o(.text.HardFault_Handler)
    I2C_WaitOnBTFFlagUntilTimeout            0x0800170d   Thumb Code   186  stm32f4xx_hal_i2c.o(.text.I2C_WaitOnBTFFlagUntilTimeout)
    [Anonymous Symbol]                       0x0800170c   Section        0  stm32f4xx_hal_i2c.o(.text.I2C_WaitOnBTFFlagUntilTimeout)
    I2C_WaitOnFlagUntilTimeout               0x080017c9   Thumb Code   458  stm32f4xx_hal_i2c.o(.text.I2C_WaitOnFlagUntilTimeout)
    [Anonymous Symbol]                       0x080017c8   Section        0  stm32f4xx_hal_i2c.o(.text.I2C_WaitOnFlagUntilTimeout)
    I2C_WaitOnMasterAddressFlagUntilTimeout  0x08001995   Thumb Code   214  stm32f4xx_hal_i2c.o(.text.I2C_WaitOnMasterAddressFlagUntilTimeout)
    [Anonymous Symbol]                       0x08001994   Section        0  stm32f4xx_hal_i2c.o(.text.I2C_WaitOnMasterAddressFlagUntilTimeout)
    I2C_WaitOnTXEFlagUntilTimeout            0x08001a6d   Thumb Code   186  stm32f4xx_hal_i2c.o(.text.I2C_WaitOnTXEFlagUntilTimeout)
    [Anonymous Symbol]                       0x08001a6c   Section        0  stm32f4xx_hal_i2c.o(.text.I2C_WaitOnTXEFlagUntilTimeout)
    [Anonymous Symbol]                       0x08001b28   Section        0  gpio.o(.text.MX_GPIO_Init)
    [Anonymous Symbol]                       0x08001bd8   Section        0  i2c.o(.text.MX_I2C2_Init)
    [Anonymous Symbol]                       0x08001c1c   Section        0  tim.o(.text.MX_TIM1_Init)
    [Anonymous Symbol]                       0x08001c88   Section        0  stm32f4xx_it.o(.text.MemManage_Handler)
    [Anonymous Symbol]                       0x08001c8c   Section        0  stm32f4xx_it.o(.text.NMI_Handler)
    [Anonymous Symbol]                       0x08001c90   Section        0  oled.o(.text.OLED_DrawFilledRectangle)
    [Anonymous Symbol]                       0x08001cd0   Section        0  oled.o(.text.OLED_DrawImage)
    [Anonymous Symbol]                       0x08001cec   Section        0  oled.o(.text.OLED_DrawLine)
    [Anonymous Symbol]                       0x08002028   Section        0  oled.o(.text.OLED_DrawRectangle)
    [Anonymous Symbol]                       0x08002084   Section        0  oled.o(.text.OLED_Init)
    [Anonymous Symbol]                       0x080022b8   Section        0  oled.o(.text.OLED_NewFrame)
    [Anonymous Symbol]                       0x080022cc   Section        0  oled.o(.text.OLED_PrintString)
    [Anonymous Symbol]                       0x08002418   Section        0  oled.o(.text.OLED_SetBits_Fine)
    [Anonymous Symbol]                       0x08002518   Section        0  oled.o(.text.OLED_SetBlock)
    [Anonymous Symbol]                       0x08002b10   Section        0  oled.o(.text.OLED_ShowFrame)
    [Anonymous Symbol]                       0x08002dd0   Section        0  page.o(.text.PAGE_CreatPage)
    [Anonymous Symbol]                       0x08002dfc   Section        0  page.o(.text.PAGE_PrintPage)
    [Anonymous Symbol]                       0x08002f20   Section        0  page.o(.text.PAGE_ReadEncoder)
    [Anonymous Symbol]                       0x08002f4c   Section        0  page.o(.text.PAGE_WriteImage)
    [Anonymous Symbol]                       0x08002f50   Section        0  page.o(.text.PAGE_WriteText)
    [Anonymous Symbol]                       0x08002f54   Section        0  stm32f4xx_it.o(.text.PendSV_Handler)
    [Anonymous Symbol]                       0x08002f58   Section        0  stm32f4xx_it.o(.text.SVC_Handler)
    [Anonymous Symbol]                       0x08002f5c   Section        0  stm32f4xx_it.o(.text.SysTick_Handler)
    [Anonymous Symbol]                       0x08002f60   Section        0  main.o(.text.SystemClock_Config)
    [Anonymous Symbol]                       0x08003008   Section        0  system_stm32f4xx.o(.text.SystemInit)
    [Anonymous Symbol]                       0x0800301c   Section        0  stm32f4xx_hal_tim.o(.text.TIM_Base_SetConfig)
    [Anonymous Symbol]                       0x0800311c   Section        0  stm32f4xx_it.o(.text.UsageFault_Handler)
    [Anonymous Symbol]                       0x08003120   Section        0  main.o(.text.main)
    $v0                                      0x080032bc   Number         0  fpinit.o(x$fpl$fpinit)
    x$fpl$fpinit                             0x080032bc   Section       26  fpinit.o(x$fpl$fpinit)
    .L_MergedGlobals                         0x20000000   Data           8  stm32f4xx_hal.o(.data..L_MergedGlobals)
    [Anonymous Symbol]                       0x20000000   Section        0  stm32f4xx_hal.o(.data..L_MergedGlobals)
    .bss                                     0x20000010   Section       96  libspace.o(.bss)
    .L_MergedGlobals                         0x20000070   Data           2  main.o(.bss..L_MergedGlobals)
    [Anonymous Symbol]                       0x20000070   Section        0  main.o(.bss..L_MergedGlobals)
    OLED_SendCmd.sendBuffer                  0x20000474   Data           2  oled.o(.bss.OLED_SendCmd.sendBuffer)
    [Anonymous Symbol]                       0x20000474   Section        0  oled.o(.bss.OLED_SendCmd.sendBuffer)
    OLED_ShowFrame.sendBuffer                0x20000476   Data         129  oled.o(.bss.OLED_ShowFrame.sendBuffer)
    [Anonymous Symbol]                       0x20000476   Section        0  oled.o(.bss.OLED_ShowFrame.sendBuffer)
    Heap_Mem                                 0x200005a0   Data         512  startup_stm32f411xe.o(HEAP)
    HEAP                                     0x200005a0   Section      512  startup_stm32f411xe.o(HEAP)
    Stack_Mem                                0x200007a0   Data        1024  startup_stm32f411xe.o(STACK)
    STACK                                    0x200007a0   Section     1024  startup_stm32f411xe.o(STACK)
    __initial_sp                             0x20000ba0   Data           0  startup_stm32f411xe.o(STACK)

    Global Symbols

    Symbol Name                              Value     Ov Type        Size  Object(Section)

    BuildAttributes$$THM_ISAv4$E$P$D$K$B$S$7EM$VFPi3$EXTD16$VFPS$VFMA$PE$A:L22UL41UL21$X:L11$S22US41US21$IEEE1$IW$~IW$USESV6$~STKCKD$USESV7$~SHL$OTIME$ROPI$EBA8$UX$STANDARDLIB$REQ8$PRES8$EABIv2 0x00000000   Number         0  anon$$obj.o ABSOLUTE
    __ARM_exceptions_init                     - Undefined Weak Reference
    __alloca_initialize                       - Undefined Weak Reference
    __arm_preinit_                            - Undefined Weak Reference
    __arm_relocate_pie_                       - Undefined Weak Reference
    __cpp_initialize__aeabi_                  - Undefined Weak Reference
    __cxa_finalize                            - Undefined Weak Reference
    __rt_locale                               - Undefined Weak Reference
    __sigvec_lookup                           - Undefined Weak Reference
    __user_heap_extent                        - Undefined Weak Reference
    _atexit_init                              - Undefined Weak Reference
    _call_atexit_fns                          - Undefined Weak Reference
    _clock_init                               - Undefined Weak Reference
    _fp_trap_init                             - Undefined Weak Reference
    _fp_trap_shutdown                         - Undefined Weak Reference
    _get_lc_collate                           - Undefined Weak Reference
    _get_lc_ctype                             - Undefined Weak Reference
    _get_lc_monetary                          - Undefined Weak Reference
    _get_lc_numeric                           - Undefined Weak Reference
    _get_lc_time                              - Undefined Weak Reference
    _getenv_init                              - Undefined Weak Reference
    _handle_redirection                       - Undefined Weak Reference
    _initio                                   - Undefined Weak Reference
    _mutex_acquire                            - Undefined Weak Reference
    _mutex_free                               - Undefined Weak Reference
    _mutex_release                            - Undefined Weak Reference
    _rand_init                                - Undefined Weak Reference
    _signal_finish                            - Undefined Weak Reference
    _signal_init                              - Undefined Weak Reference
    _terminateio                              - Undefined Weak Reference
    __Vectors_Size                           0x00000198   Number         0  startup_stm32f411xe.o ABSOLUTE
    __Vectors                                0x08000000   Data           4  startup_stm32f411xe.o(RESET)
    __Vectors_End                            0x08000198   Data           0  startup_stm32f411xe.o(RESET)
    __main                                   0x08000199   Thumb Code     8  __main.o(!!!main)
    __scatterload                            0x080001a1   Thumb Code     0  __scatter.o(!!!scatter)
    __scatterload_rt2                        0x080001a1   Thumb Code    84  __scatter.o(!!!scatter)
    __scatterload_rt2_thumb_only             0x080001a1   Thumb Code     0  __scatter.o(!!!scatter)
    __scatterload_loop                       0x080001ab   Thumb Code     0  __scatter.o(!!!scatter)
    __scatterload_copy                       0x080001fd   Thumb Code    26  __scatter_copy.o(!!handler_copy)
    __scatterload_null                       0x08000219   Thumb Code     2  __scatter.o(!!handler_null)
    __scatterload_zeroinit                   0x0800021d   Thumb Code    28  __scatter_zi.o(!!handler_zi)
    __rt_lib_init                            0x08000239   Thumb Code     0  libinit.o(.ARM.Collect$$libinit$$00000000)
    __rt_lib_init_fp_1                       0x0800023b   Thumb Code     0  libinit2.o(.ARM.Collect$$libinit$$00000001)
    __rt_lib_init_heap_2                     0x0800023f   Thumb Code     0  libinit2.o(.ARM.Collect$$libinit$$00000007)
    __rt_lib_init_preinit_1                  0x0800023f   Thumb Code     0  libinit2.o(.ARM.Collect$$libinit$$00000006)
    __rt_lib_init_relocate_pie_1             0x0800023f   Thumb Code     0  libinit2.o(.ARM.Collect$$libinit$$00000004)
    __rt_lib_init_alloca_1                   0x08000247   Thumb Code     0  libinit2.o(.ARM.Collect$$libinit$$00000030)
    __rt_lib_init_argv_1                     0x08000247   Thumb Code     0  libinit2.o(.ARM.Collect$$libinit$$0000002E)
    __rt_lib_init_atexit_1                   0x08000247   Thumb Code     0  libinit2.o(.ARM.Collect$$libinit$$0000001D)
    __rt_lib_init_clock_1                    0x08000247   Thumb Code     0  libinit2.o(.ARM.Collect$$libinit$$00000023)
    __rt_lib_init_cpp_1                      0x08000247   Thumb Code     0  libinit2.o(.ARM.Collect$$libinit$$00000034)
    __rt_lib_init_exceptions_1               0x08000247   Thumb Code     0  libinit2.o(.ARM.Collect$$libinit$$00000032)
    __rt_lib_init_fp_trap_1                  0x08000247   Thumb Code     0  libinit2.o(.ARM.Collect$$libinit$$00000021)
    __rt_lib_init_getenv_1                   0x08000247   Thumb Code     0  libinit2.o(.ARM.Collect$$libinit$$00000025)
    __rt_lib_init_heap_1                     0x08000247   Thumb Code     0  libinit2.o(.ARM.Collect$$libinit$$0000000C)
    __rt_lib_init_lc_collate_1               0x08000247   Thumb Code     0  libinit2.o(.ARM.Collect$$libinit$$00000013)
    __rt_lib_init_lc_ctype_1                 0x08000247   Thumb Code     0  libinit2.o(.ARM.Collect$$libinit$$00000015)
    __rt_lib_init_lc_monetary_1              0x08000247   Thumb Code     0  libinit2.o(.ARM.Collect$$libinit$$00000017)
    __rt_lib_init_lc_numeric_1               0x08000247   Thumb Code     0  libinit2.o(.ARM.Collect$$libinit$$00000019)
    __rt_lib_init_lc_time_1                  0x08000247   Thumb Code     0  libinit2.o(.ARM.Collect$$libinit$$0000001B)
    __rt_lib_init_rand_1                     0x08000247   Thumb Code     0  libinit2.o(.ARM.Collect$$libinit$$00000010)
    __rt_lib_init_return                     0x08000247   Thumb Code     0  libinit2.o(.ARM.Collect$$libinit$$00000035)
    __rt_lib_init_signal_1                   0x08000247   Thumb Code     0  libinit2.o(.ARM.Collect$$libinit$$0000001F)
    __rt_lib_init_stdio_1                    0x08000247   Thumb Code     0  libinit2.o(.ARM.Collect$$libinit$$00000027)
    __rt_lib_init_user_alloc_1               0x08000247   Thumb Code     0  libinit2.o(.ARM.Collect$$libinit$$0000000E)
    __rt_lib_shutdown                        0x08000249   Thumb Code     0  libshutdown.o(.ARM.Collect$$libshutdown$$00000000)
    __rt_lib_shutdown_cpp_1                  0x0800024b   Thumb Code     0  libshutdown2.o(.ARM.Collect$$libshutdown$$00000002)
    __rt_lib_shutdown_fp_trap_1              0x0800024b   Thumb Code     0  libshutdown2.o(.ARM.Collect$$libshutdown$$00000007)
    __rt_lib_shutdown_heap_1                 0x0800024b   Thumb Code     0  libshutdown2.o(.ARM.Collect$$libshutdown$$0000000F)
    __rt_lib_shutdown_return                 0x0800024b   Thumb Code     0  libshutdown2.o(.ARM.Collect$$libshutdown$$00000010)
    __rt_lib_shutdown_signal_1               0x0800024b   Thumb Code     0  libshutdown2.o(.ARM.Collect$$libshutdown$$0000000A)
    __rt_lib_shutdown_stdio_1                0x0800024b   Thumb Code     0  libshutdown2.o(.ARM.Collect$$libshutdown$$00000004)
    __rt_lib_shutdown_user_alloc_1           0x0800024b   Thumb Code     0  libshutdown2.o(.ARM.Collect$$libshutdown$$0000000C)
    __rt_entry                               0x0800024d   Thumb Code     0  __rtentry.o(.ARM.Collect$$rtentry$$00000000)
    __rt_entry_presh_1                       0x0800024d   Thumb Code     0  __rtentry2.o(.ARM.Collect$$rtentry$$00000002)
    __rt_entry_sh                            0x0800024d   Thumb Code     0  __rtentry4.o(.ARM.Collect$$rtentry$$00000004)
    __rt_entry_li                            0x08000253   Thumb Code     0  __rtentry2.o(.ARM.Collect$$rtentry$$0000000A)
    __rt_entry_postsh_1                      0x08000253   Thumb Code     0  __rtentry2.o(.ARM.Collect$$rtentry$$00000009)
    __rt_entry_main                          0x08000257   Thumb Code     0  __rtentry2.o(.ARM.Collect$$rtentry$$0000000D)
    __rt_entry_postli_1                      0x08000257   Thumb Code     0  __rtentry2.o(.ARM.Collect$$rtentry$$0000000C)
    __rt_exit                                0x0800025f   Thumb Code     0  rtexit.o(.ARM.Collect$$rtexit$$00000000)
    __rt_exit_ls                             0x08000261   Thumb Code     0  rtexit2.o(.ARM.Collect$$rtexit$$00000003)
    __rt_exit_prels_1                        0x08000261   Thumb Code     0  rtexit2.o(.ARM.Collect$$rtexit$$00000002)
    __rt_exit_exit                           0x08000265   Thumb Code     0  rtexit2.o(.ARM.Collect$$rtexit$$00000004)
    Reset_Handler                            0x0800026d   Thumb Code     8  startup_stm32f411xe.o(.text)
    ADC_IRQHandler                           0x08000287   Thumb Code     0  startup_stm32f411xe.o(.text)
    DMA1_Stream0_IRQHandler                  0x08000287   Thumb Code     0  startup_stm32f411xe.o(.text)
    DMA1_Stream1_IRQHandler                  0x08000287   Thumb Code     0  startup_stm32f411xe.o(.text)
    DMA1_Stream2_IRQHandler                  0x08000287   Thumb Code     0  startup_stm32f411xe.o(.text)
    DMA1_Stream3_IRQHandler                  0x08000287   Thumb Code     0  startup_stm32f411xe.o(.text)
    DMA1_Stream4_IRQHandler                  0x08000287   Thumb Code     0  startup_stm32f411xe.o(.text)
    DMA1_Stream5_IRQHandler                  0x08000287   Thumb Code     0  startup_stm32f411xe.o(.text)
    DMA1_Stream6_IRQHandler                  0x08000287   Thumb Code     0  startup_stm32f411xe.o(.text)
    DMA1_Stream7_IRQHandler                  0x08000287   Thumb Code     0  startup_stm32f411xe.o(.text)
    DMA2_Stream0_IRQHandler                  0x08000287   Thumb Code     0  startup_stm32f411xe.o(.text)
    DMA2_Stream1_IRQHandler                  0x08000287   Thumb Code     0  startup_stm32f411xe.o(.text)
    DMA2_Stream2_IRQHandler                  0x08000287   Thumb Code     0  startup_stm32f411xe.o(.text)
    DMA2_Stream3_IRQHandler                  0x08000287   Thumb Code     0  startup_stm32f411xe.o(.text)
    DMA2_Stream4_IRQHandler                  0x08000287   Thumb Code     0  startup_stm32f411xe.o(.text)
    DMA2_Stream5_IRQHandler                  0x08000287   Thumb Code     0  startup_stm32f411xe.o(.text)
    DMA2_Stream6_IRQHandler                  0x08000287   Thumb Code     0  startup_stm32f411xe.o(.text)
    DMA2_Stream7_IRQHandler                  0x08000287   Thumb Code     0  startup_stm32f411xe.o(.text)
    EXTI0_IRQHandler                         0x08000287   Thumb Code     0  startup_stm32f411xe.o(.text)
    EXTI15_10_IRQHandler                     0x08000287   Thumb Code     0  startup_stm32f411xe.o(.text)
    EXTI1_IRQHandler                         0x08000287   Thumb Code     0  startup_stm32f411xe.o(.text)
    EXTI2_IRQHandler                         0x08000287   Thumb Code     0  startup_stm32f411xe.o(.text)
    EXTI3_IRQHandler                         0x08000287   Thumb Code     0  startup_stm32f411xe.o(.text)
    EXTI4_IRQHandler                         0x08000287   Thumb Code     0  startup_stm32f411xe.o(.text)
    EXTI9_5_IRQHandler                       0x08000287   Thumb Code     0  startup_stm32f411xe.o(.text)
    FLASH_IRQHandler                         0x08000287   Thumb Code     0  startup_stm32f411xe.o(.text)
    FPU_IRQHandler                           0x08000287   Thumb Code     0  startup_stm32f411xe.o(.text)
    I2C1_ER_IRQHandler                       0x08000287   Thumb Code     0  startup_stm32f411xe.o(.text)
    I2C1_EV_IRQHandler                       0x08000287   Thumb Code     0  startup_stm32f411xe.o(.text)
    I2C2_ER_IRQHandler                       0x08000287   Thumb Code     0  startup_stm32f411xe.o(.text)
    I2C2_EV_IRQHandler                       0x08000287   Thumb Code     0  startup_stm32f411xe.o(.text)
    I2C3_ER_IRQHandler                       0x08000287   Thumb Code     0  startup_stm32f411xe.o(.text)
    I2C3_EV_IRQHandler                       0x08000287   Thumb Code     0  startup_stm32f411xe.o(.text)
    OTG_FS_IRQHandler                        0x08000287   Thumb Code     0  startup_stm32f411xe.o(.text)
    OTG_FS_WKUP_IRQHandler                   0x08000287   Thumb Code     0  startup_stm32f411xe.o(.text)
    PVD_IRQHandler                           0x08000287   Thumb Code     0  startup_stm32f411xe.o(.text)
    RCC_IRQHandler                           0x08000287   Thumb Code     0  startup_stm32f411xe.o(.text)
    RTC_Alarm_IRQHandler                     0x08000287   Thumb Code     0  startup_stm32f411xe.o(.text)
    RTC_WKUP_IRQHandler                      0x08000287   Thumb Code     0  startup_stm32f411xe.o(.text)
    SDIO_IRQHandler                          0x08000287   Thumb Code     0  startup_stm32f411xe.o(.text)
    SPI1_IRQHandler                          0x08000287   Thumb Code     0  startup_stm32f411xe.o(.text)
    SPI2_IRQHandler                          0x08000287   Thumb Code     0  startup_stm32f411xe.o(.text)
    SPI3_IRQHandler                          0x08000287   Thumb Code     0  startup_stm32f411xe.o(.text)
    SPI4_IRQHandler                          0x08000287   Thumb Code     0  startup_stm32f411xe.o(.text)
    SPI5_IRQHandler                          0x08000287   Thumb Code     0  startup_stm32f411xe.o(.text)
    TAMP_STAMP_IRQHandler                    0x08000287   Thumb Code     0  startup_stm32f411xe.o(.text)
    TIM1_BRK_TIM9_IRQHandler                 0x08000287   Thumb Code     0  startup_stm32f411xe.o(.text)
    TIM1_CC_IRQHandler                       0x08000287   Thumb Code     0  startup_stm32f411xe.o(.text)
    TIM1_TRG_COM_TIM11_IRQHandler            0x08000287   Thumb Code     0  startup_stm32f411xe.o(.text)
    TIM1_UP_TIM10_IRQHandler                 0x08000287   Thumb Code     0  startup_stm32f411xe.o(.text)
    TIM2_IRQHandler                          0x08000287   Thumb Code     0  startup_stm32f411xe.o(.text)
    TIM3_IRQHandler                          0x08000287   Thumb Code     0  startup_stm32f411xe.o(.text)
    TIM4_IRQHandler                          0x08000287   Thumb Code     0  startup_stm32f411xe.o(.text)
    TIM5_IRQHandler                          0x08000287   Thumb Code     0  startup_stm32f411xe.o(.text)
    USART1_IRQHandler                        0x08000287   Thumb Code     0  startup_stm32f411xe.o(.text)
    USART2_IRQHandler                        0x08000287   Thumb Code     0  startup_stm32f411xe.o(.text)
    USART6_IRQHandler                        0x08000287   Thumb Code     0  startup_stm32f411xe.o(.text)
    WWDG_IRQHandler                          0x08000287   Thumb Code     0  startup_stm32f411xe.o(.text)
    __user_initial_stackheap                 0x08000289   Thumb Code     0  startup_stm32f411xe.o(.text)
    malloc                                   0x080002ad   Thumb Code    94  h1_alloc.o(.text)
    __aeabi_uldivmod                         0x0800030b   Thumb Code     0  lludivv7m.o(.text)
    _ll_udiv                                 0x0800030b   Thumb Code   240  lludivv7m.o(.text)
    memcmp                                   0x080003fb   Thumb Code    88  memcmp.o(.text)
    __aeabi_memcpy                           0x08000453   Thumb Code     0  rt_memcpy_v6.o(.text)
    __rt_memcpy                              0x08000453   Thumb Code   138  rt_memcpy_v6.o(.text)
    _memcpy_lastbytes                        0x080004b9   Thumb Code     0  rt_memcpy_v6.o(.text)
    __aeabi_memclr4                          0x080004dd   Thumb Code     0  rt_memclr_w.o(.text)
    __aeabi_memclr8                          0x080004dd   Thumb Code     0  rt_memclr_w.o(.text)
    __rt_memclr_w                            0x080004dd   Thumb Code     0  rt_memclr_w.o(.text)
    _memset_w                                0x080004e1   Thumb Code    74  rt_memclr_w.o(.text)
    __use_two_region_memory                  0x0800052b   Thumb Code     2  heapauxi.o(.text)
    __rt_heap_escrow                         0x0800052d   Thumb Code     2  heapauxi.o(.text)
    __rt_heap_expand                         0x0800052f   Thumb Code     2  heapauxi.o(.text)
    __rt_heap_descriptor                     0x08000531   Thumb Code     8  rt_heap_descriptor_intlibspace.o(.text)
    __use_no_heap                            0x08000539   Thumb Code     2  hguard.o(.text)
    __heap$guard                             0x0800053b   Thumb Code     2  hguard.o(.text)
    _terminate_user_alloc                    0x0800053d   Thumb Code     2  init_alloc.o(.text)
    _init_user_alloc                         0x0800053f   Thumb Code     2  init_alloc.o(.text)
    __Heap_Full                              0x08000541   Thumb Code    34  init_alloc.o(.text)
    __Heap_Broken                            0x08000563   Thumb Code     6  init_alloc.o(.text)
    _init_alloc                              0x08000569   Thumb Code    94  init_alloc.o(.text)
    __Heap_Initialize                        0x080005c7   Thumb Code     8  h1_init.o(.text)
    __Heap_DescSize                          0x080005cf   Thumb Code     4  h1_init.o(.text)
    free                                     0x080005d3   Thumb Code    78  h1_free.o(.text)
    __aeabi_memcpy4                          0x08000621   Thumb Code     0  rt_memcpy_w.o(.text)
    __aeabi_memcpy8                          0x08000621   Thumb Code     0  rt_memcpy_w.o(.text)
    __rt_memcpy_w                            0x08000621   Thumb Code   100  rt_memcpy_w.o(.text)
    _memcpy_lastbytes_aligned                0x08000669   Thumb Code     0  rt_memcpy_w.o(.text)
    __user_libspace                          0x08000685   Thumb Code     8  libspace.o(.text)
    __user_perproc_libspace                  0x08000685   Thumb Code     0  libspace.o(.text)
    __user_perthread_libspace                0x08000685   Thumb Code     0  libspace.o(.text)
    __Heap_ProvideMemory                     0x0800068d   Thumb Code    52  h1_extend.o(.text)
    _maybe_terminate_alloc                   0x0800068d   Thumb Code     0  maybetermalloc1.o(.text)
    __rt_SIGRTMEM                            0x080006c1   Thumb Code    14  defsig_rtmem_outer.o(.text)
    __I$use$semihosting                      0x080006cf   Thumb Code     0  use_no_semi.o(.text)
    __use_no_semihosting_swi                 0x080006cf   Thumb Code     2  use_no_semi.o(.text)
    __semihosting_library_function           0x080006d1   Thumb Code     0  indicate_semi.o(.text)
    __user_setup_stackheap                   0x080006d1   Thumb Code    74  sys_stackheap_outer.o(.text)
    exit                                     0x0800071b   Thumb Code    18  exit.o(.text)
    __sig_exit                               0x0800072d   Thumb Code    10  defsig_exit.o(.text)
    __rt_SIGRTMEM_inner                      0x08000739   Thumb Code    22  defsig_rtmem_inner.o(.text)
    _sys_exit                                0x08000789   Thumb Code     8  sys_exit.o(.text)
    __default_signal_display                 0x08000795   Thumb Code    50  defsig_general.o(.text)
    _ttywrch                                 0x080007c7   Thumb Code    14  sys_wrch.o(.text)
    BusFault_Handler                         0x080007d5   Thumb Code     2  stm32f4xx_it.o(.text.BusFault_Handler)
    DebugMon_Handler                         0x080007d9   Thumb Code     2  stm32f4xx_it.o(.text.DebugMon_Handler)
    Error_Handler                            0x080007dd   Thumb Code     6  main.o(.text.Error_Handler)
    HAL_GPIO_Init                            0x080007e5   Thumb Code   414  stm32f4xx_hal_gpio.o(.text.HAL_GPIO_Init)
    HAL_GPIO_WritePin                        0x08000985   Thumb Code    10  stm32f4xx_hal_gpio.o(.text.HAL_GPIO_WritePin)
    HAL_GetTick                              0x08000991   Thumb Code    12  stm32f4xx_hal.o(.text.HAL_GetTick)
    HAL_I2C_Init                             0x0800099d   Thumb Code   356  stm32f4xx_hal_i2c.o(.text.HAL_I2C_Init)
    HAL_I2C_Master_Transmit                  0x08000b01   Thumb Code   476  stm32f4xx_hal_i2c.o(.text.HAL_I2C_Master_Transmit)
    HAL_I2C_MspInit                          0x08000cdd   Thumb Code   156  i2c.o(.text.HAL_I2C_MspInit)
    HAL_IncTick                              0x08000d79   Thumb Code    26  stm32f4xx_hal.o(.text.HAL_IncTick)
    HAL_Init                                 0x08000d95   Thumb Code    54  stm32f4xx_hal.o(.text.HAL_Init)
    HAL_InitTick                             0x08000dcd   Thumb Code    72  stm32f4xx_hal.o(.text.HAL_InitTick)
    HAL_MspInit                              0x08000e15   Thumb Code    56  stm32f4xx_hal_msp.o(.text.HAL_MspInit)
    HAL_NVIC_SetPriority                     0x08000e4d   Thumb Code    86  stm32f4xx_hal_cortex.o(.text.HAL_NVIC_SetPriority)
    HAL_NVIC_SetPriorityGrouping             0x08000ea5   Thumb Code    32  stm32f4xx_hal_cortex.o(.text.HAL_NVIC_SetPriorityGrouping)
    HAL_RCC_ClockConfig                      0x08000ec5   Thumb Code   356  stm32f4xx_hal_rcc.o(.text.HAL_RCC_ClockConfig)
    HAL_RCC_GetPCLK1Freq                     0x08001029   Thumb Code    38  stm32f4xx_hal_rcc.o(.text.HAL_RCC_GetPCLK1Freq)
    HAL_RCC_GetSysClockFreq                  0x08001051   Thumb Code   106  stm32f4xx_hal_rcc.o(.text.HAL_RCC_GetSysClockFreq)
    HAL_RCC_OscConfig                        0x080010bd   Thumb Code   940  stm32f4xx_hal_rcc.o(.text.HAL_RCC_OscConfig)
    HAL_SYSTICK_Config                       0x08001469   Thumb Code    44  stm32f4xx_hal_cortex.o(.text.HAL_SYSTICK_Config)
    HAL_TIMEx_MasterConfigSynchronization    0x08001495   Thumb Code   148  stm32f4xx_hal_tim_ex.o(.text.HAL_TIMEx_MasterConfigSynchronization)
    HAL_TIM_Encoder_Init                     0x08001529   Thumb Code   178  stm32f4xx_hal_tim.o(.text.HAL_TIM_Encoder_Init)
    HAL_TIM_Encoder_MspInit                  0x080015dd   Thumb Code   112  tim.o(.text.HAL_TIM_Encoder_MspInit)
    HAL_TIM_Encoder_Start                    0x0800164d   Thumb Code   188  stm32f4xx_hal_tim.o(.text.HAL_TIM_Encoder_Start)
    HardFault_Handler                        0x08001709   Thumb Code     2  stm32f4xx_it.o(.text.HardFault_Handler)
    MX_GPIO_Init                             0x08001b29   Thumb Code   174  gpio.o(.text.MX_GPIO_Init)
    MX_I2C2_Init                             0x08001bd9   Thumb Code    66  i2c.o(.text.MX_I2C2_Init)
    MX_TIM1_Init                             0x08001c1d   Thumb Code   108  tim.o(.text.MX_TIM1_Init)
    MemManage_Handler                        0x08001c89   Thumb Code     2  stm32f4xx_it.o(.text.MemManage_Handler)
    NMI_Handler                              0x08001c8d   Thumb Code     2  stm32f4xx_it.o(.text.NMI_Handler)
    OLED_DrawFilledRectangle                 0x08001c91   Thumb Code    64  oled.o(.text.OLED_DrawFilledRectangle)
    OLED_DrawImage                           0x08001cd1   Thumb Code    28  oled.o(.text.OLED_DrawImage)
    OLED_DrawLine                            0x08001ced   Thumb Code   826  oled.o(.text.OLED_DrawLine)
    OLED_DrawRectangle                       0x08002029   Thumb Code    92  oled.o(.text.OLED_DrawRectangle)
    OLED_Init                                0x08002085   Thumb Code   562  oled.o(.text.OLED_Init)
    OLED_NewFrame                            0x080022b9   Thumb Code    20  oled.o(.text.OLED_NewFrame)
    OLED_PrintString                         0x080022cd   Thumb Code   330  oled.o(.text.OLED_PrintString)
    OLED_SetBits_Fine                        0x08002419   Thumb Code   256  oled.o(.text.OLED_SetBits_Fine)
    OLED_SetBlock                            0x08002519   Thumb Code  1526  oled.o(.text.OLED_SetBlock)
    OLED_ShowFrame                           0x08002b11   Thumb Code   702  oled.o(.text.OLED_ShowFrame)
    PAGE_CreatPage                           0x08002dd1   Thumb Code    44  page.o(.text.PAGE_CreatPage)
    PAGE_PrintPage                           0x08002dfd   Thumb Code   284  page.o(.text.PAGE_PrintPage)
    PAGE_ReadEncoder                         0x08002f21   Thumb Code    42  page.o(.text.PAGE_ReadEncoder)
    PAGE_WriteImage                          0x08002f4d   Thumb Code     4  page.o(.text.PAGE_WriteImage)
    PAGE_WriteText                           0x08002f51   Thumb Code     4  page.o(.text.PAGE_WriteText)
    PendSV_Handler                           0x08002f55   Thumb Code     2  stm32f4xx_it.o(.text.PendSV_Handler)
    SVC_Handler                              0x08002f59   Thumb Code     2  stm32f4xx_it.o(.text.SVC_Handler)
    SysTick_Handler                          0x08002f5d   Thumb Code     4  stm32f4xx_it.o(.text.SysTick_Handler)
    SystemClock_Config                       0x08002f61   Thumb Code   168  main.o(.text.SystemClock_Config)
    SystemInit                               0x08003009   Thumb Code    18  system_stm32f4xx.o(.text.SystemInit)
    TIM_Base_SetConfig                       0x0800301d   Thumb Code   254  stm32f4xx_hal_tim.o(.text.TIM_Base_SetConfig)
    UsageFault_Handler                       0x0800311d   Thumb Code     2  stm32f4xx_it.o(.text.UsageFault_Handler)
    main                                     0x08003121   Thumb Code   324  main.o(.text.main)
    _fp_init                                 0x080032bd   Thumb Code    26  fpinit.o(x$fpl$fpinit)
    __fplib_config_fpu_vfp                   0x080032d5   Thumb Code     0  fpinit.o(x$fpl$fpinit)
    __fplib_config_pureend_doubles           0x080032d5   Thumb Code     0  fpinit.o(x$fpl$fpinit)
    AHBPrescTable                            0x080032d6   Data          16  system_stm32f4xx.o(.rodata.AHBPrescTable)
    APBPrescTable                            0x080032e6   Data           8  system_stm32f4xx.o(.rodata.APBPrescTable)
    afont16x8                                0x080032f0   Data           8  font.o(.rodata.afont16x8)
    ascii_16x8                               0x080032f8   Data        1520  font.o(.rodata.ascii_16x8)
    bilibiliData                             0x080038e8   Data         306  font.o(.rodata.bilibiliData)
    bilibiliImg                              0x08003a1c   Data           8  font.o(.rodata.bilibiliImg)
    font16x16                                0x08003a24   Data          16  font.o(.rodata.font16x16)
    zh16x16                                  0x08003a34   Data         144  font.o(.rodata.zh16x16)
    Region$$Table$$Base                      0x08003ac4   Number         0  anon$$obj.o(Region$$Table)
    Region$$Table$$Limit                     0x08003ae4   Number         0  anon$$obj.o(Region$$Table)
    uwTickFreq                               0x20000000   Data           1  stm32f4xx_hal.o(.data..L_MergedGlobals)
    uwTickPrio                               0x20000004   Data           4  stm32f4xx_hal.o(.data..L_MergedGlobals)
    SystemCoreClock                          0x20000008   Data           4  system_stm32f4xx.o(.data.SystemCoreClock)
    __libspace_start                         0x20000010   Data          96  libspace.o(.bss)
    PA0_Press_Flag                           0x20000070   Data           1  main.o(.bss..L_MergedGlobals)
    __temporary_stack_top$libspace           0x20000070   Data           0  libspace.o(.bss)
    Back_Press_Flag                          0x20000071   Data           1  main.o(.bss..L_MergedGlobals)
    OLED_GRAM                                0x20000074   Data        1024  oled.o(.bss.OLED_GRAM)
    hi2c2                                    0x200004f8   Data          84  i2c.o(.bss.hi2c2)
    home_page                                0x2000054c   Data           4  page.o(.bss.home_page)
    htim1                                    0x20000550   Data          72  tim.o(.bss.htim1)
    page_now                                 0x20000598   Data           4  page.o(.bss.page_now)
    uwTick                                   0x2000059c   Data           4  stm32f4xx_hal.o(.bss.uwTick)



==============================================================================

Memory Map of the image

  Image Entry point : 0x08000199

  Load Region LR_IROM1 (Base: 0x08000000, Size: 0x00003af8, Max: 0x00080000, ABSOLUTE)

    Execution Region ER_IROM1 (Exec base: 0x08000000, Load base: 0x08000000, Size: 0x00003ae4, Max: 0x00080000, ABSOLUTE)

    Exec Addr    Load Addr    Size         Type   Attr      Idx    E Section Name        Object

    0x08000000   0x08000000   0x00000198   Data   RO         1081    RESET               startup_stm32f411xe.o
    0x08000198   0x08000198   0x00000008   Code   RO         1171  * !!!main             c_w.l(__main.o)
    0x080001a0   0x080001a0   0x0000005c   Code   RO         1419    !!!scatter          c_w.l(__scatter.o)
    0x080001fc   0x080001fc   0x0000001a   Code   RO         1423    !!handler_copy      c_w.l(__scatter_copy.o)
    0x08000216   0x08000216   0x00000002   PAD
    0x08000218   0x08000218   0x00000002   Code   RO         1420    !!handler_null      c_w.l(__scatter.o)
    0x0800021a   0x0800021a   0x00000002   PAD
    0x0800021c   0x0800021c   0x0000001c   Code   RO         1425    !!handler_zi        c_w.l(__scatter_zi.o)
    0x08000238   0x08000238   0x00000002   Code   RO         1354    .ARM.Collect$$libinit$$00000000  c_w.l(libinit.o)
    0x0800023a   0x0800023a   0x00000004   Code   RO         1231    .ARM.Collect$$libinit$$00000001  c_w.l(libinit2.o)
    0x0800023e   0x0800023e   0x00000000   Code   RO         1234    .ARM.Collect$$libinit$$00000004  c_w.l(libinit2.o)
    0x0800023e   0x0800023e   0x00000000   Code   RO         1236    .ARM.Collect$$libinit$$00000006  c_w.l(libinit2.o)
    0x0800023e   0x0800023e   0x00000008   Code   RO         1237    .ARM.Collect$$libinit$$00000007  c_w.l(libinit2.o)
    0x08000246   0x08000246   0x00000000   Code   RO         1239    .ARM.Collect$$libinit$$0000000C  c_w.l(libinit2.o)
    0x08000246   0x08000246   0x00000000   Code   RO         1241    .ARM.Collect$$libinit$$0000000E  c_w.l(libinit2.o)
    0x08000246   0x08000246   0x00000000   Code   RO         1243    .ARM.Collect$$libinit$$00000010  c_w.l(libinit2.o)
    0x08000246   0x08000246   0x00000000   Code   RO         1246    .ARM.Collect$$libinit$$00000013  c_w.l(libinit2.o)
    0x08000246   0x08000246   0x00000000   Code   RO         1248    .ARM.Collect$$libinit$$00000015  c_w.l(libinit2.o)
    0x08000246   0x08000246   0x00000000   Code   RO         1250    .ARM.Collect$$libinit$$00000017  c_w.l(libinit2.o)
    0x08000246   0x08000246   0x00000000   Code   RO         1252    .ARM.Collect$$libinit$$00000019  c_w.l(libinit2.o)
    0x08000246   0x08000246   0x00000000   Code   RO         1254    .ARM.Collect$$libinit$$0000001B  c_w.l(libinit2.o)
    0x08000246   0x08000246   0x00000000   Code   RO         1256    .ARM.Collect$$libinit$$0000001D  c_w.l(libinit2.o)
    0x08000246   0x08000246   0x00000000   Code   RO         1258    .ARM.Collect$$libinit$$0000001F  c_w.l(libinit2.o)
    0x08000246   0x08000246   0x00000000   Code   RO         1260    .ARM.Collect$$libinit$$00000021  c_w.l(libinit2.o)
    0x08000246   0x08000246   0x00000000   Code   RO         1262    .ARM.Collect$$libinit$$00000023  c_w.l(libinit2.o)
    0x08000246   0x08000246   0x00000000   Code   RO         1264    .ARM.Collect$$libinit$$00000025  c_w.l(libinit2.o)
    0x08000246   0x08000246   0x00000000   Code   RO         1266    .ARM.Collect$$libinit$$00000027  c_w.l(libinit2.o)
    0x08000246   0x08000246   0x00000000   Code   RO         1270    .ARM.Collect$$libinit$$0000002E  c_w.l(libinit2.o)
    0x08000246   0x08000246   0x00000000   Code   RO         1272    .ARM.Collect$$libinit$$00000030  c_w.l(libinit2.o)
    0x08000246   0x08000246   0x00000000   Code   RO         1274    .ARM.Collect$$libinit$$00000032  c_w.l(libinit2.o)
    0x08000246   0x08000246   0x00000000   Code   RO         1276    .ARM.Collect$$libinit$$00000034  c_w.l(libinit2.o)
    0x08000246   0x08000246   0x00000002   Code   RO         1277    .ARM.Collect$$libinit$$00000035  c_w.l(libinit2.o)
    0x08000248   0x08000248   0x00000002   Code   RO         1416    .ARM.Collect$$libshutdown$$00000000  c_w.l(libshutdown.o)
    0x0800024a   0x0800024a   0x00000000   Code   RO         1372    .ARM.Collect$$libshutdown$$00000002  c_w.l(libshutdown2.o)
    0x0800024a   0x0800024a   0x00000000   Code   RO         1374    .ARM.Collect$$libshutdown$$00000004  c_w.l(libshutdown2.o)
    0x0800024a   0x0800024a   0x00000000   Code   RO         1377    .ARM.Collect$$libshutdown$$00000007  c_w.l(libshutdown2.o)
    0x0800024a   0x0800024a   0x00000000   Code   RO         1380    .ARM.Collect$$libshutdown$$0000000A  c_w.l(libshutdown2.o)
    0x0800024a   0x0800024a   0x00000000   Code   RO         1382    .ARM.Collect$$libshutdown$$0000000C  c_w.l(libshutdown2.o)
    0x0800024a   0x0800024a   0x00000000   Code   RO         1385    .ARM.Collect$$libshutdown$$0000000F  c_w.l(libshutdown2.o)
    0x0800024a   0x0800024a   0x00000002   Code   RO         1386    .ARM.Collect$$libshutdown$$00000010  c_w.l(libshutdown2.o)
    0x0800024c   0x0800024c   0x00000000   Code   RO         1193    .ARM.Collect$$rtentry$$00000000  c_w.l(__rtentry.o)
    0x0800024c   0x0800024c   0x00000000   Code   RO         1291    .ARM.Collect$$rtentry$$00000002  c_w.l(__rtentry2.o)
    0x0800024c   0x0800024c   0x00000006   Code   RO         1303    .ARM.Collect$$rtentry$$00000004  c_w.l(__rtentry4.o)
    0x08000252   0x08000252   0x00000000   Code   RO         1293    .ARM.Collect$$rtentry$$00000009  c_w.l(__rtentry2.o)
    0x08000252   0x08000252   0x00000004   Code   RO         1294    .ARM.Collect$$rtentry$$0000000A  c_w.l(__rtentry2.o)
    0x08000256   0x08000256   0x00000000   Code   RO         1296    .ARM.Collect$$rtentry$$0000000C  c_w.l(__rtentry2.o)
    0x08000256   0x08000256   0x00000008   Code   RO         1297    .ARM.Collect$$rtentry$$0000000D  c_w.l(__rtentry2.o)
    0x0800025e   0x0800025e   0x00000002   Code   RO         1359    .ARM.Collect$$rtexit$$00000000  c_w.l(rtexit.o)
    0x08000260   0x08000260   0x00000000   Code   RO         1392    .ARM.Collect$$rtexit$$00000002  c_w.l(rtexit2.o)
    0x08000260   0x08000260   0x00000004   Code   RO         1393    .ARM.Collect$$rtexit$$00000003  c_w.l(rtexit2.o)
    0x08000264   0x08000264   0x00000006   Code   RO         1394    .ARM.Collect$$rtexit$$00000004  c_w.l(rtexit2.o)
    0x0800026a   0x0800026a   0x00000002   PAD
    0x0800026c   0x0800026c   0x00000040   Code   RO         1082    .text               startup_stm32f411xe.o
    0x080002ac   0x080002ac   0x0000005e   Code   RO         1107    .text               c_w.l(h1_alloc.o)
    0x0800030a   0x0800030a   0x000000f0   Code   RO         1161    .text               c_w.l(lludivv7m.o)
    0x080003fa   0x080003fa   0x00000058   Code   RO         1163    .text               c_w.l(memcmp.o)
    0x08000452   0x08000452   0x0000008a   Code   RO         1165    .text               c_w.l(rt_memcpy_v6.o)
    0x080004dc   0x080004dc   0x0000004e   Code   RO         1167    .text               c_w.l(rt_memclr_w.o)
    0x0800052a   0x0800052a   0x00000006   Code   RO         1169    .text               c_w.l(heapauxi.o)
    0x08000530   0x08000530   0x00000008   Code   RO         1201    .text               c_w.l(rt_heap_descriptor_intlibspace.o)
    0x08000538   0x08000538   0x00000004   Code   RO         1203    .text               c_w.l(hguard.o)
    0x0800053c   0x0800053c   0x0000008a   Code   RO         1205    .text               c_w.l(init_alloc.o)
    0x080005c6   0x080005c6   0x0000000c   Code   RO         1211    .text               c_w.l(h1_init.o)
    0x080005d2   0x080005d2   0x0000004e   Code   RO         1213    .text               c_w.l(h1_free.o)
    0x08000620   0x08000620   0x00000064   Code   RO         1227    .text               c_w.l(rt_memcpy_w.o)
    0x08000684   0x08000684   0x00000008   Code   RO         1287    .text               c_w.l(libspace.o)
    0x0800068c   0x0800068c   0x00000000   Code   RO         1309    .text               c_w.l(maybetermalloc1.o)
    0x0800068c   0x0800068c   0x00000034   Code   RO         1311    .text               c_w.l(h1_extend.o)
    0x080006c0   0x080006c0   0x0000000e   Code   RO         1315    .text               c_w.l(defsig_rtmem_outer.o)
    0x080006ce   0x080006ce   0x00000002   Code   RO         1326    .text               c_w.l(use_no_semi.o)
    0x080006d0   0x080006d0   0x00000000   Code   RO         1328    .text               c_w.l(indicate_semi.o)
    0x080006d0   0x080006d0   0x0000004a   Code   RO         1329    .text               c_w.l(sys_stackheap_outer.o)
    0x0800071a   0x0800071a   0x00000012   Code   RO         1335    .text               c_w.l(exit.o)
    0x0800072c   0x0800072c   0x0000000a   Code   RO         1337    .text               c_w.l(defsig_exit.o)
    0x08000736   0x08000736   0x00000002   PAD
    0x08000738   0x08000738   0x00000050   Code   RO         1343    .text               c_w.l(defsig_rtmem_inner.o)
    0x08000788   0x08000788   0x0000000c   Code   RO         1355    .text               c_w.l(sys_exit.o)
    0x08000794   0x08000794   0x00000032   Code   RO         1367    .text               c_w.l(defsig_general.o)
    0x080007c6   0x080007c6   0x0000000e   Code   RO         1387    .text               c_w.l(sys_wrch.o)
    0x080007d4   0x080007d4   0x00000002   Code   RO          167    .text.BusFault_Handler  stm32f4xx_it.o
    0x080007d6   0x080007d6   0x00000002   PAD
    0x080007d8   0x080007d8   0x00000002   Code   RO          173    .text.DebugMon_Handler  stm32f4xx_it.o
    0x080007da   0x080007da   0x00000002   PAD
    0x080007dc   0x080007dc   0x00000006   Code   RO          108    .text.Error_Handler  main.o
    0x080007e2   0x080007e2   0x00000002   PAD
    0x080007e4   0x080007e4   0x0000019e   Code   RO          478    .text.HAL_GPIO_Init  stm32f4xx_hal_gpio.o
    0x08000982   0x08000982   0x00000002   PAD
    0x08000984   0x08000984   0x0000000a   Code   RO          484    .text.HAL_GPIO_WritePin  stm32f4xx_hal_gpio.o
    0x0800098e   0x0800098e   0x00000002   PAD
    0x08000990   0x08000990   0x0000000c   Code   RO          683    .text.HAL_GetTick   stm32f4xx_hal.o
    0x0800099c   0x0800099c   0x00000164   Code   RO          194    .text.HAL_I2C_Init  stm32f4xx_hal_i2c.o
    0x08000b00   0x08000b00   0x000001dc   Code   RO          202    .text.HAL_I2C_Master_Transmit  stm32f4xx_hal_i2c.o
    0x08000cdc   0x08000cdc   0x0000009c   Code   RO          133    .text.HAL_I2C_MspInit  i2c.o
    0x08000d78   0x08000d78   0x0000001a   Code   RO          681    .text.HAL_IncTick   stm32f4xx_hal.o
    0x08000d92   0x08000d92   0x00000002   PAD
    0x08000d94   0x08000d94   0x00000036   Code   RO          671    .text.HAL_Init      stm32f4xx_hal.o
    0x08000dca   0x08000dca   0x00000002   PAD
    0x08000dcc   0x08000dcc   0x00000048   Code   RO          673    .text.HAL_InitTick  stm32f4xx_hal.o
    0x08000e14   0x08000e14   0x00000038   Code   RO          186    .text.HAL_MspInit   stm32f4xx_hal_msp.o
    0x08000e4c   0x08000e4c   0x00000056   Code   RO          621    .text.HAL_NVIC_SetPriority  stm32f4xx_hal_cortex.o
    0x08000ea2   0x08000ea2   0x00000002   PAD
    0x08000ea4   0x08000ea4   0x00000020   Code   RO          619    .text.HAL_NVIC_SetPriorityGrouping  stm32f4xx_hal_cortex.o
    0x08000ec4   0x08000ec4   0x00000164   Code   RO          348    .text.HAL_RCC_ClockConfig  stm32f4xx_hal_rcc.o
    0x08001028   0x08001028   0x00000026   Code   RO          360    .text.HAL_RCC_GetPCLK1Freq  stm32f4xx_hal_rcc.o
    0x0800104e   0x0800104e   0x00000002   PAD
    0x08001050   0x08001050   0x0000006a   Code   RO          350    .text.HAL_RCC_GetSysClockFreq  stm32f4xx_hal_rcc.o
    0x080010ba   0x080010ba   0x00000002   PAD
    0x080010bc   0x080010bc   0x000003ac   Code   RO          346    .text.HAL_RCC_OscConfig  stm32f4xx_hal_rcc.o
    0x08001468   0x08001468   0x0000002c   Code   RO          631    .text.HAL_SYSTICK_Config  stm32f4xx_hal_cortex.o
    0x08001494   0x08001494   0x00000094   Code   RO         1056    .text.HAL_TIMEx_MasterConfigSynchronization  stm32f4xx_hal_tim_ex.o
    0x08001528   0x08001528   0x000000b2   Code   RO          875    .text.HAL_TIM_Encoder_Init  stm32f4xx_hal_tim.o
    0x080015da   0x080015da   0x00000002   PAD
    0x080015dc   0x080015dc   0x00000070   Code   RO          148    .text.HAL_TIM_Encoder_MspInit  tim.o
    0x0800164c   0x0800164c   0x000000bc   Code   RO          883    .text.HAL_TIM_Encoder_Start  stm32f4xx_hal_tim.o
    0x08001708   0x08001708   0x00000002   Code   RO          163    .text.HardFault_Handler  stm32f4xx_it.o
    0x0800170a   0x0800170a   0x00000002   PAD
    0x0800170c   0x0800170c   0x000000ba   Code   RO          208    .text.I2C_WaitOnBTFFlagUntilTimeout  stm32f4xx_hal_i2c.o
    0x080017c6   0x080017c6   0x00000002   PAD
    0x080017c8   0x080017c8   0x000001ca   Code   RO          204    .text.I2C_WaitOnFlagUntilTimeout  stm32f4xx_hal_i2c.o
    0x08001992   0x08001992   0x00000002   PAD
    0x08001994   0x08001994   0x000000d6   Code   RO          322    .text.I2C_WaitOnMasterAddressFlagUntilTimeout  stm32f4xx_hal_i2c.o
    0x08001a6a   0x08001a6a   0x00000002   PAD
    0x08001a6c   0x08001a6c   0x000000ba   Code   RO          206    .text.I2C_WaitOnTXEFlagUntilTimeout  stm32f4xx_hal_i2c.o
    0x08001b26   0x08001b26   0x00000002   PAD
    0x08001b28   0x08001b28   0x000000ae   Code   RO          122    .text.MX_GPIO_Init  gpio.o
    0x08001bd6   0x08001bd6   0x00000002   PAD
    0x08001bd8   0x08001bd8   0x00000042   Code   RO          131    .text.MX_I2C2_Init  i2c.o
    0x08001c1a   0x08001c1a   0x00000002   PAD
    0x08001c1c   0x08001c1c   0x0000006c   Code   RO          146    .text.MX_TIM1_Init  tim.o
    0x08001c88   0x08001c88   0x00000002   Code   RO          165    .text.MemManage_Handler  stm32f4xx_it.o
    0x08001c8a   0x08001c8a   0x00000002   PAD
    0x08001c8c   0x08001c8c   0x00000002   Code   RO          161    .text.NMI_Handler   stm32f4xx_it.o
    0x08001c8e   0x08001c8e   0x00000002   PAD
    0x08001c90   0x08001c90   0x00000040   Code   RO           34    .text.OLED_DrawFilledRectangle  oled.o
    0x08001cd0   0x08001cd0   0x0000001c   Code   RO           46    .text.OLED_DrawImage  oled.o
    0x08001cec   0x08001cec   0x0000033a   Code   RO           30    .text.OLED_DrawLine  oled.o
    0x08002026   0x08002026   0x00000002   PAD
    0x08002028   0x08002028   0x0000005c   Code   RO           32    .text.OLED_DrawRectangle  oled.o
    0x08002084   0x08002084   0x00000232   Code   RO            6    .text.OLED_Init     oled.o
    0x080022b6   0x080022b6   0x00000002   PAD
    0x080022b8   0x080022b8   0x00000014   Code   RO           14    .text.OLED_NewFrame  oled.o
    0x080022cc   0x080022cc   0x0000014a   Code   RO           54    .text.OLED_PrintString  oled.o
    0x08002416   0x08002416   0x00000002   PAD
    0x08002418   0x08002418   0x00000100   Code   RO           24    .text.OLED_SetBits_Fine  oled.o
    0x08002518   0x08002518   0x000005f6   Code   RO           28    .text.OLED_SetBlock  oled.o
    0x08002b0e   0x08002b0e   0x00000002   PAD
    0x08002b10   0x08002b10   0x000002be   Code   RO           16    .text.OLED_ShowFrame  oled.o
    0x08002dce   0x08002dce   0x00000002   PAD
    0x08002dd0   0x08002dd0   0x0000002c   Code   RO           84    .text.PAGE_CreatPage  page.o
    0x08002dfc   0x08002dfc   0x00000124   Code   RO           90    .text.PAGE_PrintPage  page.o
    0x08002f20   0x08002f20   0x0000002a   Code   RO           92    .text.PAGE_ReadEncoder  page.o
    0x08002f4a   0x08002f4a   0x00000002   PAD
    0x08002f4c   0x08002f4c   0x00000004   Code   RO           88    .text.PAGE_WriteImage  page.o
    0x08002f50   0x08002f50   0x00000004   Code   RO           86    .text.PAGE_WriteText  page.o
    0x08002f54   0x08002f54   0x00000002   Code   RO          175    .text.PendSV_Handler  stm32f4xx_it.o
    0x08002f56   0x08002f56   0x00000002   PAD
    0x08002f58   0x08002f58   0x00000002   Code   RO          171    .text.SVC_Handler   stm32f4xx_it.o
    0x08002f5a   0x08002f5a   0x00000002   PAD
    0x08002f5c   0x08002f5c   0x00000004   Code   RO          177    .text.SysTick_Handler  stm32f4xx_it.o
    0x08002f60   0x08002f60   0x000000a8   Code   RO          106    .text.SystemClock_Config  main.o
    0x08003008   0x08003008   0x00000012   Code   RO         1089    .text.SystemInit    system_stm32f4xx.o
    0x0800301a   0x0800301a   0x00000002   PAD
    0x0800301c   0x0800301c   0x000000fe   Code   RO          765    .text.TIM_Base_SetConfig  stm32f4xx_hal_tim.o
    0x0800311a   0x0800311a   0x00000002   PAD
    0x0800311c   0x0800311c   0x00000002   Code   RO          169    .text.UsageFault_Handler  stm32f4xx_it.o
    0x0800311e   0x0800311e   0x00000002   PAD
    0x08003120   0x08003120   0x0000019c   Code   RO          104    .text.main          main.o
    0x080032bc   0x080032bc   0x0000001a   Code   RO         1324    x$fpl$fpinit        fz_wm.l(fpinit.o)
    0x080032d6   0x080032d6   0x00000010   Data   RO         1094    .rodata.AHBPrescTable  system_stm32f4xx.o
    0x080032e6   0x080032e6   0x00000008   Data   RO         1095    .rodata.APBPrescTable  system_stm32f4xx.o
    0x080032ee   0x080032ee   0x00000002   PAD
    0x080032f0   0x080032f0   0x00000008   Data   RO           72    .rodata.afont16x8   font.o
    0x080032f8   0x080032f8   0x000005f0   Data   RO           71    .rodata.ascii_16x8  font.o
    0x080038e8   0x080038e8   0x00000132   Data   RO           77    .rodata.bilibiliData  font.o
    0x08003a1a   0x08003a1a   0x00000002   PAD
    0x08003a1c   0x08003a1c   0x00000008   Data   RO           78    .rodata.bilibiliImg  font.o
    0x08003a24   0x08003a24   0x00000010   Data   RO           76    .rodata.font16x16   font.o
    0x08003a34   0x08003a34   0x00000090   Data   RO           75    .rodata.zh16x16     font.o
    0x08003ac4   0x08003ac4   0x00000020   Data   RO         1418    Region$$Table       anon$$obj.o


    Execution Region RW_IRAM1 (Exec base: 0x20000000, Load base: 0x08003ae8, Size: 0x00000ba0, Max: 0x00020000, ABSOLUTE)

    Exec Addr    Load Addr    Size         Type   Attr      Idx    E Section Name        Object

    0x20000000   0x08003ae8   0x00000008   Data   RW          726    .data..L_MergedGlobals  stm32f4xx_hal.o
    0x20000008   0x08003af0   0x00000004   Data   RW         1093    .data.SystemCoreClock  system_stm32f4xx.o
    0x2000000c   0x08003af4   0x00000004   PAD
    0x20000010        -       0x00000060   Zero   RW         1288    .bss                c_w.l(libspace.o)
    0x20000070        -       0x00000002   Zero   RW          113    .bss..L_MergedGlobals  main.o
    0x20000072   0x08003af4   0x00000002   PAD
    0x20000074        -       0x00000400   Zero   RW           57    .bss.OLED_GRAM      oled.o
    0x20000474        -       0x00000002   Zero   RW           56    .bss.OLED_SendCmd.sendBuffer  oled.o
    0x20000476        -       0x00000081   Zero   RW           58    .bss.OLED_ShowFrame.sendBuffer  oled.o
    0x200004f7   0x08003af4   0x00000001   PAD
    0x200004f8        -       0x00000054   Zero   RW          137    .bss.hi2c2          i2c.o
    0x2000054c        -       0x00000004   Zero   RW           94    .bss.home_page      page.o
    0x20000550        -       0x00000048   Zero   RW          152    .bss.htim1          tim.o
    0x20000598        -       0x00000004   Zero   RW           95    .bss.page_now       page.o
    0x2000059c        -       0x00000004   Zero   RW          725    .bss.uwTick         stm32f4xx_hal.o
    0x200005a0        -       0x00000200   Zero   RW         1080    HEAP                startup_stm32f411xe.o
    0x200007a0        -       0x00000400   Zero   RW         1079    STACK               startup_stm32f411xe.o


==============================================================================

Image component sizes


      Code (inc. data)   RO Data    RW Data    ZI Data      Debug   Object Name

         0          0       2002          0          0       1257   font.o
       174          0          0          0          0       2238   gpio.o
       222          0          0          0         84       5351   i2c.o
       586         88          0          0          2       4834   main.o
      4406          0          0          0       1155      33738   oled.o
       386          8          0          0          8       2323   page.o
        64         26        408          0       1536        872   startup_stm32f411xe.o
       164          0          0          8          4       6894   stm32f4xx_hal.o
       162          0          0          0          0      10240   stm32f4xx_hal_cortex.o
       424          0          0          0          0       5413   stm32f4xx_hal_gpio.o
      1876          0          0          0          0      44430   stm32f4xx_hal_i2c.o
        56          0          0          0          0       1530   stm32f4xx_hal_msp.o
      1440          0          0          0          0       7449   stm32f4xx_hal_rcc.o
       620          0          0          0          0      56891   stm32f4xx_hal_tim.o
       148          0          0          0          0      21327   stm32f4xx_hal_tim_ex.o
        20          0          0          0          0       1140   stm32f4xx_it.o
        18          0         24          4          0       2718   system_stm32f4xx.o
       220          0          0          0         72       6221   tim.o

    ----------------------------------------------------------------------
     11048        122       2470         12       2868     214866   Object Totals
         0          0         32          0          0          0   (incl. Generated)
        62          0          4          0          7          0   (incl. Padding)

    ----------------------------------------------------------------------

      Code (inc. data)   RO Data    RW Data    ZI Data      Debug   Library Member Name

         8          0          0          0          0         68   __main.o
         0          0          0          0          0          0   __rtentry.o
        12          0          0          0          0          0   __rtentry2.o
         6          0          0          0          0          0   __rtentry4.o
        94          8          0          0          0          0   __scatter.o
        26          0          0          0          0          0   __scatter_copy.o
        28          0          0          0          0          0   __scatter_zi.o
        10          0          0          0          0         68   defsig_exit.o
        50          0          0          0          0         88   defsig_general.o
        80         58          0          0          0         76   defsig_rtmem_inner.o
        14          0          0          0          0         80   defsig_rtmem_outer.o
        18          0          0          0          0         80   exit.o
        94          0          0          0          0         80   h1_alloc.o
        52          0          0          0          0         68   h1_extend.o
        78          0          0          0          0         80   h1_free.o
        12          0          0          0          0         84   h1_init.o
         6          0          0          0          0        152   heapauxi.o
         4          0          0          0          0        136   hguard.o
         0          0          0          0          0          0   indicate_semi.o
       138          0          0          0          0        168   init_alloc.o
         2          0          0          0          0          0   libinit.o
        14          0          0          0          0          0   libinit2.o
         2          0          0          0          0          0   libshutdown.o
         2          0          0          0          0          0   libshutdown2.o
         8          4          0          0         96         68   libspace.o
       240          0          0          0          0        100   lludivv7m.o
         0          0          0          0          0          0   maybetermalloc1.o
        88          0          0          0          0         76   memcmp.o
         8          4          0          0          0         68   rt_heap_descriptor_intlibspace.o
        78          0          0          0          0         80   rt_memclr_w.o
       138          0          0          0          0         68   rt_memcpy_v6.o
       100          0          0          0          0         80   rt_memcpy_w.o
         2          0          0          0          0          0   rtexit.o
        10          0          0          0          0          0   rtexit2.o
        12          4          0          0          0         68   sys_exit.o
        74          0          0          0          0         80   sys_stackheap_outer.o
        14          0          0          0          0         76   sys_wrch.o
         2          0          0          0          0         68   use_no_semi.o
        26          0          0          0          0        116   fpinit.o

    ----------------------------------------------------------------------
      1558         78          0          0         96       2176   Library Totals
         8          0          0          0          0          0   (incl. Padding)

    ----------------------------------------------------------------------

      Code (inc. data)   RO Data    RW Data    ZI Data      Debug   Library Name

      1524         78          0          0         96       2060   c_w.l
        26          0          0          0          0        116   fz_wm.l

    ----------------------------------------------------------------------
      1558         78          0          0         96       2176   Library Totals

    ----------------------------------------------------------------------

==============================================================================


      Code (inc. data)   RO Data    RW Data    ZI Data      Debug   

     12606        200       2470         12       2964     215718   Grand Totals
     12606        200       2470         12       2964     215718   ELF Image Totals
     12606        200       2470         12          0          0   ROM Totals

==============================================================================

    Total RO  Size (Code + RO Data)                15076 (  14.72kB)
    Total RW  Size (RW Data + ZI Data)              2976 (   2.91kB)
    Total ROM Size (Code + RO Data + RW Data)      15088 (  14.73kB)

==============================================================================

